Archive member included to satisfy reference by file (symbol)

c:/st/stm32cubeide_1.6.1/stm32cubeide/plugins/com.st.stm32cube.ide.mcu.externaltools.gnu-tools-for-stm32.9-2020-q2-update.win32_1.5.0.202011040924/tools/bin/../lib/gcc/arm-none-eabi/9.3.1/../../../../arm-none-eabi/lib/thumb/v7e-m+fp/hard\libc_nano.a(lib_a-errno.o)
                              Core/Src/syscalls.o (__errno)
c:/st/stm32cubeide_1.6.1/stm32cubeide/plugins/com.st.stm32cube.ide.mcu.externaltools.gnu-tools-for-stm32.9-2020-q2-update.win32_1.5.0.202011040924/tools/bin/../lib/gcc/arm-none-eabi/9.3.1/../../../../arm-none-eabi/lib/thumb/v7e-m+fp/hard\libc_nano.a(lib_a-exit.o)
                              c:/st/stm32cubeide_1.6.1/stm32cubeide/plugins/com.st.stm32cube.ide.mcu.externaltools.gnu-tools-for-stm32.9-2020-q2-update.win32_1.5.0.202011040924/tools/bin/../lib/gcc/arm-none-eabi/9.3.1/../../../../arm-none-eabi/lib/thumb/v7e-m+fp/hard/crt0.o (exit)
c:/st/stm32cubeide_1.6.1/stm32cubeide/plugins/com.st.stm32cube.ide.mcu.externaltools.gnu-tools-for-stm32.9-2020-q2-update.win32_1.5.0.202011040924/tools/bin/../lib/gcc/arm-none-eabi/9.3.1/../../../../arm-none-eabi/lib/thumb/v7e-m+fp/hard\libc_nano.a(lib_a-impure.o)
                              c:/st/stm32cubeide_1.6.1/stm32cubeide/plugins/com.st.stm32cube.ide.mcu.externaltools.gnu-tools-for-stm32.9-2020-q2-update.win32_1.5.0.202011040924/tools/bin/../lib/gcc/arm-none-eabi/9.3.1/../../../../arm-none-eabi/lib/thumb/v7e-m+fp/hard\libc_nano.a(lib_a-exit.o) (_global_impure_ptr)
c:/st/stm32cubeide_1.6.1/stm32cubeide/plugins/com.st.stm32cube.ide.mcu.externaltools.gnu-tools-for-stm32.9-2020-q2-update.win32_1.5.0.202011040924/tools/bin/../lib/gcc/arm-none-eabi/9.3.1/../../../../arm-none-eabi/lib/thumb/v7e-m+fp/hard\libc_nano.a(lib_a-init.o)
                              c:/st/stm32cubeide_1.6.1/stm32cubeide/plugins/com.st.stm32cube.ide.mcu.externaltools.gnu-tools-for-stm32.9-2020-q2-update.win32_1.5.0.202011040924/tools/bin/../lib/gcc/arm-none-eabi/9.3.1/../../../../arm-none-eabi/lib/thumb/v7e-m+fp/hard/crt0.o (__libc_init_array)
c:/st/stm32cubeide_1.6.1/stm32cubeide/plugins/com.st.stm32cube.ide.mcu.externaltools.gnu-tools-for-stm32.9-2020-q2-update.win32_1.5.0.202011040924/tools/bin/../lib/gcc/arm-none-eabi/9.3.1/../../../../arm-none-eabi/lib/thumb/v7e-m+fp/hard\libc_nano.a(lib_a-memset.o)
                              c:/st/stm32cubeide_1.6.1/stm32cubeide/plugins/com.st.stm32cube.ide.mcu.externaltools.gnu-tools-for-stm32.9-2020-q2-update.win32_1.5.0.202011040924/tools/bin/../lib/gcc/arm-none-eabi/9.3.1/../../../../arm-none-eabi/lib/thumb/v7e-m+fp/hard/crt0.o (memset)
c:/st/stm32cubeide_1.6.1/stm32cubeide/plugins/com.st.stm32cube.ide.mcu.externaltools.gnu-tools-for-stm32.9-2020-q2-update.win32_1.5.0.202011040924/tools/bin/../lib/gcc/arm-none-eabi/9.3.1/../../../../arm-none-eabi/lib/thumb/v7e-m+fp/hard\libc_nano.a(lib_a-nano-vfprintf_float.o)
                              (_printf_float)
c:/st/stm32cubeide_1.6.1/stm32cubeide/plugins/com.st.stm32cube.ide.mcu.externaltools.gnu-tools-for-stm32.9-2020-q2-update.win32_1.5.0.202011040924/tools/bin/../lib/gcc/arm-none-eabi/9.3.1/../../../../arm-none-eabi/lib/thumb/v7e-m+fp/hard\libc_nano.a(lib_a-nano-vfprintf_i.o)
                              c:/st/stm32cubeide_1.6.1/stm32cubeide/plugins/com.st.stm32cube.ide.mcu.externaltools.gnu-tools-for-stm32.9-2020-q2-update.win32_1.5.0.202011040924/tools/bin/../lib/gcc/arm-none-eabi/9.3.1/../../../../arm-none-eabi/lib/thumb/v7e-m+fp/hard\libc_nano.a(lib_a-nano-vfprintf_float.o) (_printf_common)
c:/st/stm32cubeide_1.6.1/stm32cubeide/plugins/com.st.stm32cube.ide.mcu.externaltools.gnu-tools-for-stm32.9-2020-q2-update.win32_1.5.0.202011040924/tools/bin/../lib/gcc/arm-none-eabi/9.3.1/../../../../arm-none-eabi/lib/thumb/v7e-m+fp/hard\libc_nano.a(lib_a-s_modf.o)
                              Core/Src/AMG.o (modf)
c:/st/stm32cubeide_1.6.1/stm32cubeide/plugins/com.st.stm32cube.ide.mcu.externaltools.gnu-tools-for-stm32.9-2020-q2-update.win32_1.5.0.202011040924/tools/bin/../lib/gcc/arm-none-eabi/9.3.1/../../../../arm-none-eabi/lib/thumb/v7e-m+fp/hard\libc_nano.a(lib_a-sprintf.o)
                              Core/Src/AMG.o (sprintf)
c:/st/stm32cubeide_1.6.1/stm32cubeide/plugins/com.st.stm32cube.ide.mcu.externaltools.gnu-tools-for-stm32.9-2020-q2-update.win32_1.5.0.202011040924/tools/bin/../lib/gcc/arm-none-eabi/9.3.1/../../../../arm-none-eabi/lib/thumb/v7e-m+fp/hard\libc_nano.a(lib_a-strlen.o)
                              c:/st/stm32cubeide_1.6.1/stm32cubeide/plugins/com.st.stm32cube.ide.mcu.externaltools.gnu-tools-for-stm32.9-2020-q2-update.win32_1.5.0.202011040924/tools/bin/../lib/gcc/arm-none-eabi/9.3.1/../../../../arm-none-eabi/lib/thumb/v7e-m+fp/hard\libc_nano.a(lib_a-nano-vfprintf_float.o) (strlen)
[...]
Memory Configuration

Name             Origin             Length             Attributes
RAM              0x0000000020000000 0x0000000000040000 xrw
FLASH            0x0000000008000000 0x0000000000100000 xr
*default*        0x0000000000000000 0xffffffffffffffff

Linker script and memory map

LOAD c:/st/stm32cubeide_1.6.1/stm32cubeide/plugins/com.st.stm32cube.ide.mcu.externaltools.gnu-tools-for-stm32.9-2020-q2-update.win32_1.5.0.202011040924/tools/bin/../lib/gcc/arm-none-eabi/9.3.1/thumb/v7e-m+fp/hard/crti.o
LOAD c:/st/stm32cubeide_1.6.1/stm32cubeide/plugins/com.st.stm32cube.ide.mcu.externaltools.gnu-tools-for-stm32.9-2020-q2-update.win32_1.5.0.202011040924/tools/bin/../lib/gcc/arm-none-eabi/9.3.1/thumb/v7e-m+fp/hard/crtbegin.o
LOAD c:/st/stm32cubeide_1.6.1/stm32cubeide/plugins/com.st.stm32cube.ide.mcu.externaltools.gnu-tools-for-stm32.9-2020-q2-update.win32_1.5.0.202011040924/tools/bin/../lib/gcc/arm-none-eabi/9.3.1/../../../../arm-none-eabi/lib/thumb/v7e-m+fp/hard/crt0.o
LOAD Core/Src/AMG.o
LOAD Core/Src/LCD.o
LOAD Core/Src/generalHandling.o
LOAD Core/Src/main.o
LOAD Core/Src/stm32f4xx_hal_msp.o
LOAD Core/Src/stm32f4xx_it.o
LOAD Core/Src/syscalls.o
LOAD Core/Src/sysmem.o
LOAD Core/Src/system_stm32f4xx.o
LOAD Core/Startup/startup_stm32f412zgtx.o
LOAD Drivers/BSP/Components/ls016b8uy/ls016b8uy.o
LOAD Drivers/BSP/Components/st7789h2/st7789h2.o
LOAD Drivers/BSP/STM32412G-Discovery/stm32412g_discovery.o
LOAD Drivers/BSP/STM32412G-Discovery/stm32412g_discovery_lcd.o
LOAD Drivers/STM32F4xx_HAL_Driver/Src/stm32f4xx_hal.o
LOAD Drivers/STM32F4xx_HAL_Driver/Src/stm32f4xx_hal_cortex.o
LOAD Drivers/STM32F4xx_HAL_Driver/Src/stm32f4xx_hal_dma.o
LOAD Drivers/STM32F4xx_HAL_Driver/Src/stm32f4xx_hal_dma_ex.o
LOAD Drivers/STM32F4xx_HAL_Driver/Src/stm32f4xx_hal_exti.o
LOAD Drivers/STM32F4xx_HAL_Driver/Src/stm32f4xx_hal_flash.o
LOAD Drivers/STM32F4xx_HAL_Driver/Src/stm32f4xx_hal_flash_ex.o
LOAD Drivers/STM32F4xx_HAL_Driver/Src/stm32f4xx_hal_flash_ramfunc.o
LOAD Drivers/STM32F4xx_HAL_Driver/Src/stm32f4xx_hal_gpio.o
LOAD Drivers/STM32F4xx_HAL_Driver/Src/stm32f4xx_hal_i2c.o
LOAD Drivers/STM32F4xx_HAL_Driver/Src/stm32f4xx_hal_i2c_ex.o
LOAD Drivers/STM32F4xx_HAL_Driver/Src/stm32f4xx_hal_iwdg.o
LOAD Drivers/STM32F4xx_HAL_Driver/Src/stm32f4xx_hal_pwr.o
LOAD Drivers/STM32F4xx_HAL_Driver/Src/stm32f4xx_hal_pwr_ex.o
LOAD Drivers/STM32F4xx_HAL_Driver/Src/stm32f4xx_hal_rcc.o
LOAD Drivers/STM32F4xx_HAL_Driver/Src/stm32f4xx_hal_rcc_ex.o
LOAD Drivers/STM32F4xx_HAL_Driver/Src/stm32f4xx_hal_sram.o
LOAD Drivers/STM32F4xx_HAL_Driver/Src/stm32f4xx_hal_tim.o
LOAD Drivers/STM32F4xx_HAL_Driver/Src/stm32f4xx_hal_tim_ex.o
LOAD Drivers/STM32F4xx_HAL_Driver/Src/stm32f4xx_hal_uart.o
LOAD Drivers/STM32F4xx_HAL_Driver/Src/stm32f4xx_ll_fsmc.o
START GROUP
LOAD c:/st/stm32cubeide_1.6.1/stm32cubeide/plugins/com.st.stm32cube.ide.mcu.externaltools.gnu-tools-for-stm32.9-2020-q2-update.win32_1.5.0.202011040924/tools/bin/../lib/gcc/arm-none-eabi/9.3.1/../../../../arm-none-eabi/lib/thumb/v7e-m+fp/hard\libc_nano.a
LOAD c:/st/stm32cubeide_1.6.1/stm32cubeide/plugins/com.st.stm32cube.ide.mcu.externaltools.gnu-tools-for-stm32.9-2020-q2-update.win32_1.5.0.202011040924/tools/bin/../lib/gcc/arm-none-eabi/9.3.1/../../../../arm-none-eabi/lib/thumb/v7e-m+fp/hard\libm.a
END GROUP
START GROUP
LOAD c:/st/stm32cubeide_1.6.1/stm32cubeide/plugins/com.st.stm32cube.ide.mcu.externaltools.gnu-tools-for-stm32.9-2020-q2-update.win32_1.5.0.202011040924/tools/bin/../lib/gcc/arm-none-eabi/9.3.1/thumb/v7e-m+fp/hard\libgcc.a
LOAD c:/st/stm32cubeide_1.6.1/stm32cubeide/plugins/com.st.stm32cube.ide.mcu.externaltools.gnu-tools-for-stm32.9-2020-q2-update.win32_1.5.0.202011040924/tools/bin/../lib/gcc/arm-none-eabi/9.3.1/../../../../arm-none-eabi/lib/thumb/v7e-m+fp/hard\libc_nano.a
END GROUP
START GROUP
LOAD c:/st/stm32cubeide_1.6.1/stm32cubeide/plugins/com.st.stm32cube.ide.mcu.externaltools.gnu-tools-for-stm32.9-2020-q2-update.win32_1.5.0.202011040924/tools/bin/../lib/gcc/arm-none-eabi/9.3.1/thumb/v7e-m+fp/hard\libgcc.a
LOAD c:/st/stm32cubeide_1.6.1/stm32cubeide/plugins/com.st.stm32cube.ide.mcu.externaltools.gnu-tools-for-stm32.9-2020-q2-update.win32_1.5.0.202011040924/tools/bin/../lib/gcc/arm-none-eabi/9.3.1/../../../../arm-none-eabi/lib/thumb/v7e-m+fp/hard\libc_nano.a
LOAD c:/st/stm32cubeide_1.6.1/stm32cubeide/plugins/com.st.stm32cube.ide.mcu.externaltools.gnu-tools-for-stm32.9-2020-q2-update.win32_1.5.0.202011040924/tools/bin/../lib/gcc/arm-none-eabi/9.3.1/../../../../arm-none-eabi/lib/thumb/v7e-m+fp/hard\libnosys.a
END GROUP
START GROUP
LOAD c:/st/stm32cubeide_1.6.1/stm32cubeide/plugins/com.st.stm32cube.ide.mcu.externaltools.gnu-tools-for-stm32.9-2020-q2-update.win32_1.5.0.202011040924/tools/bin/../lib/gcc/arm-none-eabi/9.3.1/thumb/v7e-m+fp/hard\libgcc.a
LOAD c:/st/stm32cubeide_1.6.1/stm32cubeide/plugins/com.st.stm32cube.ide.mcu.externaltools.gnu-tools-for-stm32.9-2020-q2-update.win32_1.5.0.202011040924/tools/bin/../lib/gcc/arm-none-eabi/9.3.1/../../../../arm-none-eabi/lib/thumb/v7e-m+fp/hard\libc_nano.a
LOAD c:/st/stm32cubeide_1.6.1/stm32cubeide/plugins/com.st.stm32cube.ide.mcu.externaltools.gnu-tools-for-stm32.9-2020-q2-update.win32_1.5.0.202011040924/tools/bin/../lib/gcc/arm-none-eabi/9.3.1/../../../../arm-none-eabi/lib/thumb/v7e-m+fp/hard\libnosys.a
END GROUP
LOAD c:/st/stm32cubeide_1.6.1/stm32cubeide/plugins/com.st.stm32cube.ide.mcu.externaltools.gnu-tools-for-stm32.9-2020-q2-update.win32_1.5.0.202011040924/tools/bin/../lib/gcc/arm-none-eabi/9.3.1/thumb/v7e-m+fp/hard/crtend.o
LOAD c:/st/stm32cubeide_1.6.1/stm32cubeide/plugins/com.st.stm32cube.ide.mcu.externaltools.gnu-tools-for-stm32.9-2020-q2-update.win32_1.5.0.202011040924/tools/bin/../lib/gcc/arm-none-eabi/9.3.1/thumb/v7e-m+fp/hard/crtn.o
                0x0000000020040000                _estack = (ORIGIN (RAM) + LENGTH (RAM))
                0x0000000000000200                _Min_Heap_Size = 0x200
                0x0000000000000400                _Min_Stack_Size = 0x400

.isr_vector     0x0000000008000000      0x1c4
                0x0000000008000000                . = ALIGN (0x4)
 *(.isr_vector)
 .isr_vector    0x0000000008000000      0x1c4 Core/Startup/startup_stm32f412zgtx.o
                0x0000000008000000                g_pfnVectors
                0x00000000080001c4                . = ALIGN (0x4)

.text           0x00000000080001d0     0x9994
                0x00000000080001d0                . = ALIGN (0x4)
 *(.text)
 .text          0x00000000080001d0       0x40 c:/st/stm32cubeide_1.6.1/stm32cubeide/plugins/com.st.stm32cube.ide.mcu.externaltools.gnu-tools-for-stm32.9-2020-q2-update.win32_1.5.0.202011040924/tools/bin/../lib/gcc/arm-none-eabi/9.3.1/thumb/v7e-m+fp/hard/crtbegin.o
 .text          0x0000000008000210       0x10 c:/st/stm32cubeide_1.6.1/stm32cubeide/plugins/com.st.stm32cube.ide.mcu.externaltools.gnu-tools-for-stm32.9-2020-q2-update.win32_1.5.0.202011040924/tools/bin/../lib/gcc/arm-none-eabi/9.3.1/../../../../arm-none-eabi/lib/thumb/v7e-m+fp/hard\libc_nano.a(lib_a-strlen.o)
                0x0000000008000210                strlen
 .text          0x0000000008000220       0xa0 c:/st/stm32cubeide_1.6.1/stm32cubeide/plugins/com.st.stm32cube.ide.mcu.externaltools.gnu-tools-for-stm32.9-2020-q2-update.win32_1.5.0.202011040924/tools/bin/../lib/gcc/arm-none-eabi/9.3.1/../../../../arm-none-eabi/lib/thumb/v7e-m+fp/hard\libc_nano.a(lib_a-memchr.o)
                0x0000000008000220                memchr
 .text          0x00000000080002c0      0x378 c:/st/stm32cubeide_1.6.1/stm32cubeide/plugins/com.st.stm32cube.ide.mcu.externaltools.gnu-tools-for-stm32.9-2020-q2-update.win32_1.5.0.202011040924/tools/bin/../lib/gcc/arm-none-eabi/9.3.1/thumb/v7e-m+fp/hard\libgcc.a(_arm_addsubdf3.o)
                0x00000000080002c0                __aeabi_drsub
                0x00000000080002c8                __aeabi_dsub
                0x00000000080002c8                __subdf3
                0x00000000080002cc                __aeabi_dadd
                0x00000000080002cc                __adddf3
                0x0000000008000544                __floatunsidf
                0x0000000008000544                __aeabi_ui2d
                0x0000000008000564                __floatsidf
                0x0000000008000564                __aeabi_i2d
                0x0000000008000588                __aeabi_f2d
                0x0000000008000588                __extendsfdf2
                0x00000000080005cc                __floatundidf
                0x00000000080005cc                __aeabi_ul2d
                0x00000000080005dc                __floatdidf
                0x00000000080005dc                __aeabi_l2d
 .text          0x0000000008000638      0x424 c:/st/stm32cubeide_1.6.1/stm32cubeide/plugins/com.st.stm32cube.ide.mcu.externaltools.gnu-tools-for-stm32.9-2020-q2-update.win32_1.5.0.202011040924/tools/bin/../lib/gcc/arm-none-eabi/9.3.1/thumb/v7e-m+fp/hard\libgcc.a(_arm_muldivdf3.o)
                0x0000000008000638                __aeabi_dmul
                0x0000000008000638                __muldf3
                0x000000000800088c                __divdf3
                0x000000000800088c                __aeabi_ddiv
 .text          0x0000000008000a5c      0x110 c:/st/stm32cubeide_1.6.1/stm32cubeide/plugins/com.st.stm32cube.ide.mcu.externaltools.gnu-tools-for-stm32.9-2020-q2-update.win32_1.5.0.202011040924/tools/bin/../lib/gcc/arm-none-eabi/9.3.1/thumb/v7e-m+fp/hard\libgcc.a(_arm_cmpdf2.o)
                0x0000000008000a5c                __gtdf2
                0x0000000008000a5c                __gedf2
                0x0000000008000a64                __ltdf2
                0x0000000008000a64                __ledf2
                0x0000000008000a6c                __nedf2
                0x0000000008000a6c                __eqdf2
                0x0000000008000a6c                __cmpdf2
                0x0000000008000ae8                __aeabi_cdrcmple
                0x0000000008000af8                __aeabi_cdcmpeq
                0x0000000008000af8                __aeabi_cdcmple
                0x0000000008000b08                __aeabi_dcmpeq
                0x0000000008000b1c                __aeabi_dcmplt
                0x0000000008000b30                __aeabi_dcmple
                0x0000000008000b44                __aeabi_dcmpge
                0x0000000008000b58                __aeabi_dcmpgt
 .text          0x0000000008000b6c       0x2c c:/st/stm32cubeide_1.6.1/stm32cubeide/plugins/com.st.stm32cube.ide.mcu.externaltools.gnu-tools-for-stm32.9-2020-q2-update.win32_1.5.0.202011040924/tools/bin/../lib/gcc/arm-none-eabi/9.3.1/thumb/v7e-m+fp/hard\libgcc.a(_arm_unorddf2.o)
                0x0000000008000b6c                __unorddf2
                0x0000000008000b6c                __aeabi_dcmpun
 .text          0x0000000008000b98       0x50 c:/st/stm32cubeide_1.6.1/stm32cubeide/plugins/com.st.stm32cube.ide.mcu.externaltools.gnu-tools-for-stm32.9-2020-q2-update.win32_1.5.0.202011040924/tools/bin/../lib/gcc/arm-none-eabi/9.3.1/thumb/v7e-m+fp/hard\libgcc.a(_arm_fixdfsi.o)
                0x0000000008000b98                __aeabi_d2iz
                0x0000000008000b98                __fixdfsi
 .text          0x0000000008000be8       0x40 c:/st/stm32cubeide_1.6.1/stm32cubeide/plugins/com.st.stm32cube.ide.mcu.externaltools.gnu-tools-for-stm32.9-2020-q2-update.win32_1.5.0.202011040924/tools/bin/../lib/gcc/arm-none-eabi/9.3.1/thumb/v7e-m+fp/hard\libgcc.a(_arm_fixunsdfsi.o)
                0x0000000008000be8                __aeabi_d2uiz
                0x0000000008000be8                __fixunsdfsi
 .text          0x0000000008000c28       0x30 c:/st/stm32cubeide_1.6.1/stm32cubeide/plugins/com.st.stm32cube.ide.mcu.externaltools.gnu-tools-for-stm32.9-2020-q2-update.win32_1.5.0.202011040924/tools/bin/../lib/gcc/arm-none-eabi/9.3.1/thumb/v7e-m+fp/hard\libgcc.a(_aeabi_uldivmod.o)
                0x0000000008000c28                __aeabi_uldivmod
 .text          0x0000000008000c58      0x2c4 c:/st/stm32cubeide_1.6.1/stm32cubeide/plugins/com.st.stm32cube.ide.mcu.externaltools.gnu-tools-for-stm32.9-2020-q2-update.win32_1.5.0.202011040924/tools/bin/../lib/gcc/arm-none-eabi/9.3.1/thumb/v7e-m+fp/hard\libgcc.a(_udivmoddi4.o)
                0x0000000008000c58                __udivmoddi4
 .text          0x0000000008000f1c        0x4 c:/st/stm32cubeide_1.6.1/stm32cubeide/plugins/com.st.stm32cube.ide.mcu.externaltools.gnu-tools-for-stm32.9-2020-q2-update.win32_1.5.0.202011040924/tools/bin/../lib/gcc/arm-none-eabi/9.3.1/thumb/v7e-m+fp/hard\libgcc.a(_dvmd_tls.o)
                0x0000000008000f1c                __aeabi_idiv0
                0x0000000008000f1c                __aeabi_ldiv0
 *(.text*)
 .text.confAMG  0x0000000008000f20       0xa4 Core/Src/AMG.o
                0x0000000008000f20                confAMG
 .text.amgGetData
                0x0000000008000fc4       0x68 Core/Src/AMG.o
                0x0000000008000fc4                amgGetData
 .text.amgTranslateDataInt
                0x000000000800102c       0x1e Core/Src/AMG.o
                0x000000000800102c                amgTranslateDataInt
 .text.amgTranslateDataFloat
                0x000000000800104a       0x34 Core/Src/AMG.o
                0x000000000800104a                amgTranslateDataFloat
 *fill*         0x000000000800107e        0x2 
 .text.amgDataToUart
                0x0000000008001080       0xbc Core/Src/AMG.o
                0x0000000008001080                amgDataToUart
 .text.convertFloatFractionToInt
                0x000000000800113c       0x54 Core/Src/AMG.o
                0x000000000800113c                convertFloatFractionToInt
 .text.amgDataPlausibilityCheck
                0x0000000008001190       0x40 Core/Src/AMG.o
                0x0000000008001190                amgDataPlausibilityCheck
 .text.confLCD  0x00000000080011d0       0x1e Core/Src/LCD.o
                0x00000000080011d0                confLCD
 .text.drawLCD  0x00000000080011ee       0x2e Core/Src/LCD.o
                0x00000000080011ee                drawLCD
 .text.updateLCD
                0x000000000800121c       0x8e Core/Src/LCD.o
                0x000000000800121c                updateLCD
 *fill*         0x00000000080012aa        0x2 
 .text.assignColor
                0x00000000080012ac      0x23c Core/Src/LCD.o
                0x00000000080012ac                assignColor
 .text.resetLEDs
                0x00000000080014e8       0x34 Core/Src/generalHandling.o
                0x00000000080014e8                resetLEDs
 .text.UART_faultyFrame
                0x000000000800151c       0x2c Core/Src/generalHandling.o
                0x000000000800151c                UART_faultyFrame
 .text.UART_I2Cfault
                0x0000000008001548       0x2c Core/Src/generalHandling.o
                0x0000000008001548                UART_I2Cfault
 .text.formatUart
                0x0000000008001574       0x50 Core/Src/generalHandling.o
                0x0000000008001574                formatUart
 .text.confWatchdog
                0x00000000080015c4       0x2c Core/Src/generalHandling.o
                0x00000000080015c4                confWatchdog
 .text.runtimeRoutine
                0x00000000080015f0       0xb8 Core/Src/main.o
                0x00000000080015f0                runtimeRoutine
 .text.HAL_TIM_PeriodElapsedCallback
                0x00000000080016a8       0x14 Core/Src/main.o
                0x00000000080016a8                HAL_TIM_PeriodElapsedCallback
 .text.main     0x00000000080016bc       0x44 Core/Src/main.o
                0x00000000080016bc                main
 .text.SystemClock_Config
                0x0000000008001700       0xec Core/Src/main.o
                0x0000000008001700                SystemClock_Config
 .text.MX_I2C2_Init
                0x00000000080017ec       0x5c Core/Src/main.o
 .text.MX_IWDG_Init
                0x0000000008001848       0x34 Core/Src/main.o
 .text.MX_TIM3_Init
                0x000000000800187c       0x9c Core/Src/main.o
 .text.MX_USART2_UART_Init
                0x0000000008001918       0x54 Core/Src/main.o
 .text.MX_USART6_UART_Init
                0x000000000800196c       0x54 Core/Src/main.o
 .text.MX_GPIO_Init
                0x00000000080019c0      0x258 Core/Src/main.o
 .text.MX_FSMC_Init
                0x0000000008001c18       0xc4 Core/Src/main.o
 .text.Error_Handler
                0x0000000008001cdc        0xa Core/Src/main.o
                0x0000000008001cdc                Error_Handler
 *fill*         0x0000000008001ce6        0x2 
 .text.HAL_MspInit
                0x0000000008001ce8       0x50 Core/Src/stm32f4xx_hal_msp.o
                0x0000000008001ce8                HAL_MspInit
 .text.HAL_I2C_MspInit
                0x0000000008001d38       0xb4 Core/Src/stm32f4xx_hal_msp.o
                0x0000000008001d38                HAL_I2C_MspInit
 .text.HAL_TIM_Base_MspInit
                0x0000000008001dec       0x50 Core/Src/stm32f4xx_hal_msp.o
                0x0000000008001dec                HAL_TIM_Base_MspInit
 .text.HAL_UART_MspInit
                0x0000000008001e3c       0xfc Core/Src/stm32f4xx_hal_msp.o
                0x0000000008001e3c                HAL_UART_MspInit
 .text.HAL_FSMC_MspInit
                0x0000000008001f38       0xbc Core/Src/stm32f4xx_hal_msp.o
 .text.HAL_SRAM_MspInit
                0x0000000008001ff4       0x14 Core/Src/stm32f4xx_hal_msp.o
                0x0000000008001ff4                HAL_SRAM_MspInit
 .text.NMI_Handler
                0x0000000008002008        0x6 Core/Src/stm32f4xx_it.o
                0x0000000008002008                NMI_Handler
 .text.HardFault_Handler
                0x000000000800200e        0x6 Core/Src/stm32f4xx_it.o
                0x000000000800200e                HardFault_Handler
 .text.MemManage_Handler
                0x0000000008002014        0x6 Core/Src/stm32f4xx_it.o
                0x0000000008002014                MemManage_Handler
 .text.BusFault_Handler
                0x000000000800201a        0x6 Core/Src/stm32f4xx_it.o
                0x000000000800201a                BusFault_Handler
 .text.UsageFault_Handler
                0x0000000008002020        0x6 Core/Src/stm32f4xx_it.o
                0x0000000008002020                UsageFault_Handler
 .text.SVC_Handler
                0x0000000008002026        0xe Core/Src/stm32f4xx_it.o
                0x0000000008002026                SVC_Handler
 .text.DebugMon_Handler
                0x0000000008002034        0xe Core/Src/stm32f4xx_it.o
                0x0000000008002034                DebugMon_Handler
 .text.PendSV_Handler
                0x0000000008002042        0xe Core/Src/stm32f4xx_it.o
                0x0000000008002042                PendSV_Handler
 .text.SysTick_Handler
                0x0000000008002050        0xc Core/Src/stm32f4xx_it.o
                0x0000000008002050                SysTick_Handler
 .text.TIM3_IRQHandler
                0x000000000800205c       0x14 Core/Src/stm32f4xx_it.o
                0x000000000800205c                TIM3_IRQHandler
 .text._getpid  0x0000000008002070       0x10 Core/Src/syscalls.o
                0x0000000008002070                _getpid
 .text._kill    0x0000000008002080       0x20 Core/Src/syscalls.o
                0x0000000008002080                _kill
 .text._exit    0x00000000080020a0       0x14 Core/Src/syscalls.o
                0x00000000080020a0                _exit
 .text._read    0x00000000080020b4       0x3a Core/Src/syscalls.o
                0x00000000080020b4                _read
 .text._write   0x00000000080020ee       0x38 Core/Src/syscalls.o
                0x00000000080020ee                _write
 .text._close   0x0000000008002126       0x18 Core/Src/syscalls.o
                0x0000000008002126                _close
 .text._fstat   0x000000000800213e       0x20 Core/Src/syscalls.o
                0x000000000800213e                _fstat
 .text._isatty  0x000000000800215e       0x16 Core/Src/syscalls.o
                0x000000000800215e                _isatty
 .text._lseek   0x0000000008002174       0x1a Core/Src/syscalls.o
                0x0000000008002174                _lseek
 *fill*         0x000000000800218e        0x2 
 .text._sbrk    0x0000000008002190       0x6c Core/Src/sysmem.o
                0x0000000008002190                _sbrk
 .text.SystemInit
                0x00000000080021fc       0x24 Core/Src/system_stm32f4xx.o
                0x00000000080021fc                SystemInit
 .text.Reset_Handler
                0x0000000008002220       0x50 Core/Startup/startup_stm32f412zgtx.o
                0x0000000008002220                Reset_Handler
 .text.Default_Handler
                0x0000000008002270        0x2 Core/Startup/startup_stm32f412zgtx.o
                0x0000000008002270                RTC_Alarm_IRQHandler
                0x0000000008002270                EXTI2_IRQHandler
                0x0000000008002270                TIM8_CC_IRQHandler
                0x0000000008002270                FMPI2C1_EV_IRQHandler
                0x0000000008002270                SPI4_IRQHandler
                0x0000000008002270                TIM1_CC_IRQHandler
                0x0000000008002270                DMA2_Stream5_IRQHandler
                0x0000000008002270                DMA1_Stream5_IRQHandler
                0x0000000008002270                TIM6_IRQHandler
                0x0000000008002270                PVD_IRQHandler
                0x0000000008002270                SDIO_IRQHandler
                0x0000000008002270                TAMP_STAMP_IRQHandler
                0x0000000008002270                CAN2_RX1_IRQHandler
                0x0000000008002270                EXTI3_IRQHandler
                0x0000000008002270                TIM8_TRG_COM_TIM14_IRQHandler
                0x0000000008002270                DFSDM1_FLT1_IRQHandler
                0x0000000008002270                TIM1_UP_TIM10_IRQHandler
                0x0000000008002270                TIM8_UP_TIM13_IRQHandler
                0x0000000008002270                I2C3_ER_IRQHandler
                0x0000000008002270                EXTI0_IRQHandler
                0x0000000008002270                I2C2_EV_IRQHandler
                0x0000000008002270                DMA1_Stream2_IRQHandler
                0x0000000008002270                CAN1_RX0_IRQHandler
                0x0000000008002270                FPU_IRQHandler
                0x0000000008002270                CAN2_SCE_IRQHandler
                0x0000000008002270                DMA2_Stream2_IRQHandler
                0x0000000008002270                SPI1_IRQHandler
                0x0000000008002270                TIM1_BRK_TIM9_IRQHandler
                0x0000000008002270                CAN2_RX0_IRQHandler
                0x0000000008002270                DMA2_Stream3_IRQHandler
                0x0000000008002270                USART6_IRQHandler
                0x0000000008002270                USART3_IRQHandler
                0x0000000008002270                CAN1_RX1_IRQHandler
                0x0000000008002270                DMA2_Stream0_IRQHandler
                0x0000000008002270                TIM4_IRQHandler
                0x0000000008002270                QUADSPI_IRQHandler
                0x0000000008002270                I2C1_EV_IRQHandler
                0x0000000008002270                DMA1_Stream6_IRQHandler
                0x0000000008002270                DMA1_Stream1_IRQHandler
                0x0000000008002270                RCC_IRQHandler
                0x0000000008002270                TIM8_BRK_TIM12_IRQHandler
                0x0000000008002270                Default_Handler
                0x0000000008002270                EXTI15_10_IRQHandler
                0x0000000008002270                ADC_IRQHandler
                0x0000000008002270                DMA1_Stream7_IRQHandler
                0x0000000008002270                SPI5_IRQHandler
                0x0000000008002270                TIM7_IRQHandler
                0x0000000008002270                CAN2_TX_IRQHandler
                0x0000000008002270                TIM5_IRQHandler
                0x0000000008002270                DMA2_Stream7_IRQHandler
                0x0000000008002270                I2C3_EV_IRQHandler
                0x0000000008002270                EXTI9_5_IRQHandler
                0x0000000008002270                RTC_WKUP_IRQHandler
                0x0000000008002270                SPI2_IRQHandler
                0x0000000008002270                DMA1_Stream0_IRQHandler
                0x0000000008002270                CAN1_TX_IRQHandler
                0x0000000008002270                FMPI2C1_ER_IRQHandler
                0x0000000008002270                EXTI4_IRQHandler
                0x0000000008002270                RNG_IRQHandler
                0x0000000008002270                WWDG_IRQHandler
                0x0000000008002270                TIM2_IRQHandler
                0x0000000008002270                OTG_FS_WKUP_IRQHandler
                0x0000000008002270                TIM1_TRG_COM_TIM11_IRQHandler
                0x0000000008002270                EXTI1_IRQHandler
                0x0000000008002270                USART2_IRQHandler
                0x0000000008002270                DFSDM1_FLT0_IRQHandler
                0x0000000008002270                I2C2_ER_IRQHandler
                0x0000000008002270                DMA2_Stream1_IRQHandler
                0x0000000008002270                CAN1_SCE_IRQHandler
                0x0000000008002270                FLASH_IRQHandler
                0x0000000008002270                DMA2_Stream4_IRQHandler
                0x0000000008002270                USART1_IRQHandler
                0x0000000008002270                OTG_FS_IRQHandler
                0x0000000008002270                SPI3_IRQHandler
                0x0000000008002270                DMA1_Stream4_IRQHandler
                0x0000000008002270                I2C1_ER_IRQHandler
                0x0000000008002270                DMA2_Stream6_IRQHandler
                0x0000000008002270                DMA1_Stream3_IRQHandler
 .text.ls016b8uy_Init
                0x0000000008002272      0x1d6 Drivers/BSP/Components/ls016b8uy/ls016b8uy.o
                0x0000000008002272                ls016b8uy_Init
 .text.ls016b8uy_DisplayOn
                0x0000000008002448       0x1c Drivers/BSP/Components/ls016b8uy/ls016b8uy.o
                0x0000000008002448                ls016b8uy_DisplayOn
 .text.ls016b8uy_DisplayOff
                0x0000000008002464       0x28 Drivers/BSP/Components/ls016b8uy/ls016b8uy.o
                0x0000000008002464                ls016b8uy_DisplayOff
 .text.ls016b8uy_GetLcdPixelWidth
                0x000000000800248c       0x10 Drivers/BSP/Components/ls016b8uy/ls016b8uy.o
                0x000000000800248c                ls016b8uy_GetLcdPixelWidth
 .text.ls016b8uy_GetLcdPixelHeight
                0x000000000800249c       0x10 Drivers/BSP/Components/ls016b8uy/ls016b8uy.o
                0x000000000800249c                ls016b8uy_GetLcdPixelHeight
 .text.ls016b8uy_ReadID
                0x00000000080024ac       0x10 Drivers/BSP/Components/ls016b8uy/ls016b8uy.o
                0x00000000080024ac                ls016b8uy_ReadID
 .text.ls016b8uy_SetCursor
                0x00000000080024bc       0x68 Drivers/BSP/Components/ls016b8uy/ls016b8uy.o
                0x00000000080024bc                ls016b8uy_SetCursor
 .text.ls016b8uy_WritePixel
                0x0000000008002524       0x70 Drivers/BSP/Components/ls016b8uy/ls016b8uy.o
                0x0000000008002524                ls016b8uy_WritePixel
 .text.ls016b8uy_ReadPixel
                0x0000000008002594       0x72 Drivers/BSP/Components/ls016b8uy/ls016b8uy.o
                0x0000000008002594                ls016b8uy_ReadPixel
 .text.ls016b8uy_WriteReg
                0x0000000008002606       0x46 Drivers/BSP/Components/ls016b8uy/ls016b8uy.o
                0x0000000008002606                ls016b8uy_WriteReg
 .text.ls016b8uy_SetDisplayWindow
                0x000000000800264c       0xa4 Drivers/BSP/Components/ls016b8uy/ls016b8uy.o
                0x000000000800264c                ls016b8uy_SetDisplayWindow
 .text.ls016b8uy_DrawHLine
                0x00000000080026f0       0xc2 Drivers/BSP/Components/ls016b8uy/ls016b8uy.o
                0x00000000080026f0                ls016b8uy_DrawHLine
 .text.ls016b8uy_DrawVLine
                0x00000000080027b2       0x68 Drivers/BSP/Components/ls016b8uy/ls016b8uy.o
                0x00000000080027b2                ls016b8uy_DrawVLine
 *fill*         0x000000000800281a        0x2 
 .text.ls016b8uy_DrawBitmap
                0x000000000800281c       0xf0 Drivers/BSP/Components/ls016b8uy/ls016b8uy.o
                0x000000000800281c                ls016b8uy_DrawBitmap
 .text.ls016b8uy_DrawRGBImage
                0x000000000800290c       0x74 Drivers/BSP/Components/ls016b8uy/ls016b8uy.o
                0x000000000800290c                ls016b8uy_DrawRGBImage
 .text.ls016b8uy_ReadPixel_rgb888
                0x0000000008002980       0x92 Drivers/BSP/Components/ls016b8uy/ls016b8uy.o
 *fill*         0x0000000008002a12        0x2 
 .text.ls016b8uy_DrawRGBHLine
                0x0000000008002a14      0x150 Drivers/BSP/Components/ls016b8uy/ls016b8uy.o
 .text.ST7789H2_Init
                0x0000000008002b64      0x1d8 Drivers/BSP/Components/st7789h2/st7789h2.o
                0x0000000008002b64                ST7789H2_Init
 .text.ST7789H2_SetOrientation
                0x0000000008002d3c       0x76 Drivers/BSP/Components/st7789h2/st7789h2.o
                0x0000000008002d3c                ST7789H2_SetOrientation
 .text.ST7789H2_DisplayOn
                0x0000000008002db2       0x1c Drivers/BSP/Components/st7789h2/st7789h2.o
                0x0000000008002db2                ST7789H2_DisplayOn
 .text.ST7789H2_DisplayOff
                0x0000000008002dce       0x2e Drivers/BSP/Components/st7789h2/st7789h2.o
                0x0000000008002dce                ST7789H2_DisplayOff
 .text.ST7789H2_GetLcdPixelWidth
                0x0000000008002dfc       0x10 Drivers/BSP/Components/st7789h2/st7789h2.o
                0x0000000008002dfc                ST7789H2_GetLcdPixelWidth
 .text.ST7789H2_GetLcdPixelHeight
                0x0000000008002e0c       0x10 Drivers/BSP/Components/st7789h2/st7789h2.o
                0x0000000008002e0c                ST7789H2_GetLcdPixelHeight
 .text.ST7789H2_ReadID
                0x0000000008002e1c       0x16 Drivers/BSP/Components/st7789h2/st7789h2.o
                0x0000000008002e1c                ST7789H2_ReadID
 .text.ST7789H2_SetCursor
                0x0000000008002e32       0x64 Drivers/BSP/Components/st7789h2/st7789h2.o
                0x0000000008002e32                ST7789H2_SetCursor
 .text.ST7789H2_WritePixel
                0x0000000008002e96       0x38 Drivers/BSP/Components/st7789h2/st7789h2.o
                0x0000000008002e96                ST7789H2_WritePixel
 .text.ST7789H2_ReadPixel
                0x0000000008002ece       0x72 Drivers/BSP/Components/st7789h2/st7789h2.o
                0x0000000008002ece                ST7789H2_ReadPixel
 .text.ST7789H2_WriteReg
                0x0000000008002f40       0x46 Drivers/BSP/Components/st7789h2/st7789h2.o
                0x0000000008002f40                ST7789H2_WriteReg
 .text.ST7789H2_ReadReg
                0x0000000008002f86       0x26 Drivers/BSP/Components/st7789h2/st7789h2.o
                0x0000000008002f86                ST7789H2_ReadReg
 .text.ST7789H2_SetDisplayWindow
                0x0000000008002fac       0xa4 Drivers/BSP/Components/st7789h2/st7789h2.o
                0x0000000008002fac                ST7789H2_SetDisplayWindow
 .text.ST7789H2_DrawHLine
                0x0000000008003050       0x5e Drivers/BSP/Components/st7789h2/st7789h2.o
                0x0000000008003050                ST7789H2_DrawHLine
 .text.ST7789H2_DrawVLine
                0x00000000080030ae       0x68 Drivers/BSP/Components/st7789h2/st7789h2.o
                0x00000000080030ae                ST7789H2_DrawVLine
 *fill*         0x0000000008003116        0x2 
 .text.ST7789H2_DrawBitmap
                0x0000000008003118       0xf0 Drivers/BSP/Components/st7789h2/st7789h2.o
                0x0000000008003118                ST7789H2_DrawBitmap
 .text.ST7789H2_DrawRGBImage
                0x0000000008003208       0x74 Drivers/BSP/Components/st7789h2/st7789h2.o
                0x0000000008003208                ST7789H2_DrawRGBImage
 .text.ST7789H2_ReadPixel_rgb888
                0x000000000800327c       0x92 Drivers/BSP/Components/st7789h2/st7789h2.o
 *fill*         0x000000000800330e        0x2 
 .text.ST7789H2_DrawRGBHLine
                0x0000000008003310       0xa8 Drivers/BSP/Components/st7789h2/st7789h2.o
 .text.FMC_BANK1_MspInit
                0x00000000080033b8       0xd4 Drivers/BSP/STM32412G-Discovery/stm32412g_discovery.o
 .text.FMC_BANK1_Init
                0x000000000800348c       0xb0 Drivers/BSP/STM32412G-Discovery/stm32412g_discovery.o
 .text.FMC_BANK1_WriteData
                0x000000000800353c       0x24 Drivers/BSP/STM32412G-Discovery/stm32412g_discovery.o
 .text.FMC_BANK1_WriteReg
                0x0000000008003560       0x26 Drivers/BSP/STM32412G-Discovery/stm32412g_discovery.o
 .text.FMC_BANK1_ReadData
                0x0000000008003586       0x16 Drivers/BSP/STM32412G-Discovery/stm32412g_discovery.o
 .text.LCD_IO_Init
                0x000000000800359c        0xc Drivers/BSP/STM32412G-Discovery/stm32412g_discovery.o
                0x000000000800359c                LCD_IO_Init
 .text.LCD_IO_WriteData
                0x00000000080035a8       0x1a Drivers/BSP/STM32412G-Discovery/stm32412g_discovery.o
                0x00000000080035a8                LCD_IO_WriteData
 .text.LCD_IO_WriteReg
                0x00000000080035c2       0x1a Drivers/BSP/STM32412G-Discovery/stm32412g_discovery.o
                0x00000000080035c2                LCD_IO_WriteReg
 .text.LCD_IO_ReadData
                0x00000000080035dc        0xe Drivers/BSP/STM32412G-Discovery/stm32412g_discovery.o
                0x00000000080035dc                LCD_IO_ReadData
 .text.LCD_IO_Delay
                0x00000000080035ea       0x16 Drivers/BSP/STM32412G-Discovery/stm32412g_discovery.o
                0x00000000080035ea                LCD_IO_Delay
 .text.BSP_LCD_Init
                0x0000000008003600       0x10 Drivers/BSP/STM32412G-Discovery/stm32412g_discovery_lcd.o
                0x0000000008003600                BSP_LCD_Init
 .text.BSP_LCD_InitEx
                0x0000000008003610      0x10c Drivers/BSP/STM32412G-Discovery/stm32412g_discovery_lcd.o
                0x0000000008003610                BSP_LCD_InitEx
 .text.BSP_LCD_GetXSize
                0x000000000800371c       0x18 Drivers/BSP/STM32412G-Discovery/stm32412g_discovery_lcd.o
                0x000000000800371c                BSP_LCD_GetXSize
 .text.BSP_LCD_GetYSize
                0x0000000008003734       0x18 Drivers/BSP/STM32412G-Discovery/stm32412g_discovery_lcd.o
                0x0000000008003734                BSP_LCD_GetYSize
 .text.BSP_LCD_SetTextColor
                0x000000000800374c       0x20 Drivers/BSP/STM32412G-Discovery/stm32412g_discovery_lcd.o
                0x000000000800374c                BSP_LCD_SetTextColor
 .text.BSP_LCD_SetFont
                0x000000000800376c       0x20 Drivers/BSP/STM32412G-Discovery/stm32412g_discovery_lcd.o
                0x000000000800376c                BSP_LCD_SetFont
 .text.BSP_LCD_Clear
                0x000000000800378c       0x6c Drivers/BSP/STM32412G-Discovery/stm32412g_discovery_lcd.o
                0x000000000800378c                BSP_LCD_Clear
 .text.BSP_LCD_DisplayChar
                0x00000000080037f8       0x54 Drivers/BSP/STM32412G-Discovery/stm32412g_discovery_lcd.o
                0x00000000080037f8                BSP_LCD_DisplayChar
 .text.BSP_LCD_DrawPixel
                0x000000000800384c       0x38 Drivers/BSP/STM32412G-Discovery/stm32412g_discovery_lcd.o
                0x000000000800384c                BSP_LCD_DrawPixel
 .text.BSP_LCD_DrawHLine
                0x0000000008003884       0x74 Drivers/BSP/STM32412G-Discovery/stm32412g_discovery_lcd.o
                0x0000000008003884                BSP_LCD_DrawHLine
 .text.BSP_LCD_FillRect
                0x00000000080038f8       0x54 Drivers/BSP/STM32412G-Discovery/stm32412g_discovery_lcd.o
                0x00000000080038f8                BSP_LCD_FillRect
 .text.BSP_LCD_MspInit
                0x000000000800394c       0xb8 Drivers/BSP/STM32412G-Discovery/stm32412g_discovery_lcd.o
                0x000000000800394c                BSP_LCD_MspInit
 .text.DrawChar
                0x0000000008003a04      0x134 Drivers/BSP/STM32412G-Discovery/stm32412g_discovery_lcd.o
 .text.HAL_Init
                0x0000000008003b38       0x44 Drivers/STM32F4xx_HAL_Driver/Src/stm32f4xx_hal.o
                0x0000000008003b38                HAL_Init
 .text.HAL_InitTick
                0x0000000008003b7c       0x60 Drivers/STM32F4xx_HAL_Driver/Src/stm32f4xx_hal.o
                0x0000000008003b7c                HAL_InitTick
 .text.HAL_IncTick
                0x0000000008003bdc       0x28 Drivers/STM32F4xx_HAL_Driver/Src/stm32f4xx_hal.o
                0x0000000008003bdc                HAL_IncTick
 .text.HAL_GetTick
                0x0000000008003c04       0x18 Drivers/STM32F4xx_HAL_Driver/Src/stm32f4xx_hal.o
                0x0000000008003c04                HAL_GetTick
 .text.HAL_Delay
                0x0000000008003c1c       0x48 Drivers/STM32F4xx_HAL_Driver/Src/stm32f4xx_hal.o
                0x0000000008003c1c                HAL_Delay
 .text.__NVIC_SetPriorityGrouping
                0x0000000008003c64       0x48 Drivers/STM32F4xx_HAL_Driver/Src/stm32f4xx_hal_cortex.o
 .text.__NVIC_GetPriorityGrouping
                0x0000000008003cac       0x1c Drivers/STM32F4xx_HAL_Driver/Src/stm32f4xx_hal_cortex.o
 .text.__NVIC_EnableIRQ
                0x0000000008003cc8       0x3c Drivers/STM32F4xx_HAL_Driver/Src/stm32f4xx_hal_cortex.o
 .text.__NVIC_SetPriority
                0x0000000008003d04       0x54 Drivers/STM32F4xx_HAL_Driver/Src/stm32f4xx_hal_cortex.o
 .text.NVIC_EncodePriority
                0x0000000008003d58       0x66 Drivers/STM32F4xx_HAL_Driver/Src/stm32f4xx_hal_cortex.o
 *fill*         0x0000000008003dbe        0x2 
 .text.SysTick_Config
                0x0000000008003dc0       0x44 Drivers/STM32F4xx_HAL_Driver/Src/stm32f4xx_hal_cortex.o
 .text.HAL_NVIC_SetPriorityGrouping
                0x0000000008003e04       0x16 Drivers/STM32F4xx_HAL_Driver/Src/stm32f4xx_hal_cortex.o
                0x0000000008003e04                HAL_NVIC_SetPriorityGrouping
 .text.HAL_NVIC_SetPriority
                0x0000000008003e1a       0x38 Drivers/STM32F4xx_HAL_Driver/Src/stm32f4xx_hal_cortex.o
                0x0000000008003e1a                HAL_NVIC_SetPriority
 .text.HAL_NVIC_EnableIRQ
                0x0000000008003e52       0x1c Drivers/STM32F4xx_HAL_Driver/Src/stm32f4xx_hal_cortex.o
                0x0000000008003e52                HAL_NVIC_EnableIRQ
 .text.HAL_SYSTICK_Config
                0x0000000008003e6e       0x18 Drivers/STM32F4xx_HAL_Driver/Src/stm32f4xx_hal_cortex.o
                0x0000000008003e6e                HAL_SYSTICK_Config
 *fill*         0x0000000008003e86        0x2 
 .text.HAL_GPIO_Init
                0x0000000008003e88      0x328 Drivers/STM32F4xx_HAL_Driver/Src/stm32f4xx_hal_gpio.o
                0x0000000008003e88                HAL_GPIO_Init
 .text.HAL_GPIO_WritePin
                0x00000000080041b0       0x32 Drivers/STM32F4xx_HAL_Driver/Src/stm32f4xx_hal_gpio.o
                0x00000000080041b0                HAL_GPIO_WritePin
 *fill*         0x00000000080041e2        0x2 
 .text.HAL_I2C_Init
                0x00000000080041e4      0x288 Drivers/STM32F4xx_HAL_Driver/Src/stm32f4xx_hal_i2c.o
                0x00000000080041e4                HAL_I2C_Init
 .text.HAL_I2C_Master_Transmit
                0x000000000800446c      0x1fc Drivers/STM32F4xx_HAL_Driver/Src/stm32f4xx_hal_i2c.o
                0x000000000800446c                HAL_I2C_Master_Transmit
 .text.HAL_I2C_Mem_Read
                0x0000000008004668      0x44c Drivers/STM32F4xx_HAL_Driver/Src/stm32f4xx_hal_i2c.o
                0x0000000008004668                HAL_I2C_Mem_Read
 .text.I2C_MasterRequestWrite
                0x0000000008004ab4      0x104 Drivers/STM32F4xx_HAL_Driver/Src/stm32f4xx_hal_i2c.o
 .text.I2C_RequestMemoryRead
                0x0000000008004bb8      0x1d0 Drivers/STM32F4xx_HAL_Driver/Src/stm32f4xx_hal_i2c.o
 .text.I2C_WaitOnFlagUntilTimeout
                0x0000000008004d88       0xae Drivers/STM32F4xx_HAL_Driver/Src/stm32f4xx_hal_i2c.o
 .text.I2C_WaitOnMasterAddressFlagUntilTimeout
                0x0000000008004e36       0xfe Drivers/STM32F4xx_HAL_Driver/Src/stm32f4xx_hal_i2c.o
 .text.I2C_WaitOnTXEFlagUntilTimeout
                0x0000000008004f34       0x82 Drivers/STM32F4xx_HAL_Driver/Src/stm32f4xx_hal_i2c.o
 .text.I2C_WaitOnBTFFlagUntilTimeout
                0x0000000008004fb6       0x82 Drivers/STM32F4xx_HAL_Driver/Src/stm32f4xx_hal_i2c.o
 .text.I2C_WaitOnRXNEFlagUntilTimeout
                0x0000000008005038       0xac Drivers/STM32F4xx_HAL_Driver/Src/stm32f4xx_hal_i2c.o
 .text.I2C_IsAcknowledgeFailed
                0x00000000080050e4       0x5e Drivers/STM32F4xx_HAL_Driver/Src/stm32f4xx_hal_i2c.o
 .text.HAL_IWDG_Init
                0x0000000008005142       0x84 Drivers/STM32F4xx_HAL_Driver/Src/stm32f4xx_hal_iwdg.o
                0x0000000008005142                HAL_IWDG_Init
 .text.HAL_IWDG_Refresh
                0x00000000080051c6       0x20 Drivers/STM32F4xx_HAL_Driver/Src/stm32f4xx_hal_iwdg.o
                0x00000000080051c6                HAL_IWDG_Refresh
 *fill*         0x00000000080051e6        0x2 
 .text.HAL_RCC_ClockConfig
                0x00000000080051e8      0x1cc Drivers/STM32F4xx_HAL_Driver/Src/stm32f4xx_hal_rcc.o
                0x00000000080051e8                HAL_RCC_ClockConfig
 .text.HAL_RCC_MCOConfig
                0x00000000080053b4       0xd0 Drivers/STM32F4xx_HAL_Driver/Src/stm32f4xx_hal_rcc.o
                0x00000000080053b4                HAL_RCC_MCOConfig
 .text.HAL_RCC_GetSysClockFreq
                0x0000000008005484      0x1c4 Drivers/STM32F4xx_HAL_Driver/Src/stm32f4xx_hal_rcc.o
                0x0000000008005484                HAL_RCC_GetSysClockFreq
 .text.HAL_RCC_GetHCLKFreq
                0x0000000008005648       0x18 Drivers/STM32F4xx_HAL_Driver/Src/stm32f4xx_hal_rcc.o
                0x0000000008005648                HAL_RCC_GetHCLKFreq
 .text.HAL_RCC_GetPCLK1Freq
                0x0000000008005660       0x28 Drivers/STM32F4xx_HAL_Driver/Src/stm32f4xx_hal_rcc.o
                0x0000000008005660                HAL_RCC_GetPCLK1Freq
 .text.HAL_RCC_GetPCLK2Freq
                0x0000000008005688       0x28 Drivers/STM32F4xx_HAL_Driver/Src/stm32f4xx_hal_rcc.o
                0x0000000008005688                HAL_RCC_GetPCLK2Freq
 .text.HAL_RCC_OscConfig
                0x00000000080056b0      0x508 Drivers/STM32F4xx_HAL_Driver/Src/stm32f4xx_hal_rcc_ex.o
                0x00000000080056b0                HAL_RCC_OscConfig
 .text.HAL_SRAM_Init
                0x0000000008005bb8       0x88 Drivers/STM32F4xx_HAL_Driver/Src/stm32f4xx_hal_sram.o
                0x0000000008005bb8                HAL_SRAM_Init
 .text.HAL_TIM_Base_Init
                0x0000000008005c40       0x9e Drivers/STM32F4xx_HAL_Driver/Src/stm32f4xx_hal_tim.o
                0x0000000008005c40                HAL_TIM_Base_Init
 *fill*         0x0000000008005cde        0x2 
 .text.HAL_TIM_Base_Start_IT
                0x0000000008005ce0       0xe0 Drivers/STM32F4xx_HAL_Driver/Src/stm32f4xx_hal_tim.o
                0x0000000008005ce0                HAL_TIM_Base_Start_IT
 .text.HAL_TIM_IRQHandler
                0x0000000008005dc0      0x210 Drivers/STM32F4xx_HAL_Driver/Src/stm32f4xx_hal_tim.o
                0x0000000008005dc0                HAL_TIM_IRQHandler
 .text.HAL_TIM_ConfigClockSource
                0x0000000008005fd0      0x188 Drivers/STM32F4xx_HAL_Driver/Src/stm32f4xx_hal_tim.o
                0x0000000008005fd0                HAL_TIM_ConfigClockSource
 .text.HAL_TIM_OC_DelayElapsedCallback
                0x0000000008006158       0x14 Drivers/STM32F4xx_HAL_Driver/Src/stm32f4xx_hal_tim.o
                0x0000000008006158                HAL_TIM_OC_DelayElapsedCallback
 .text.HAL_TIM_IC_CaptureCallback
                0x000000000800616c       0x14 Drivers/STM32F4xx_HAL_Driver/Src/stm32f4xx_hal_tim.o
                0x000000000800616c                HAL_TIM_IC_CaptureCallback
 .text.HAL_TIM_PWM_PulseFinishedCallback
                0x0000000008006180       0x14 Drivers/STM32F4xx_HAL_Driver/Src/stm32f4xx_hal_tim.o
                0x0000000008006180                HAL_TIM_PWM_PulseFinishedCallback
 .text.HAL_TIM_TriggerCallback
                0x0000000008006194       0x14 Drivers/STM32F4xx_HAL_Driver/Src/stm32f4xx_hal_tim.o
                0x0000000008006194                HAL_TIM_TriggerCallback
 .text.TIM_Base_SetConfig
                0x00000000080061a8      0x140 Drivers/STM32F4xx_HAL_Driver/Src/stm32f4xx_hal_tim.o
                0x00000000080061a8                TIM_Base_SetConfig
 .text.TIM_TI1_ConfigInputStage
                0x00000000080062e8       0x5e Drivers/STM32F4xx_HAL_Driver/Src/stm32f4xx_hal_tim.o
 .text.TIM_TI2_ConfigInputStage
                0x0000000008006346       0x60 Drivers/STM32F4xx_HAL_Driver/Src/stm32f4xx_hal_tim.o
 .text.TIM_ITRx_SetConfig
                0x00000000080063a6       0x36 Drivers/STM32F4xx_HAL_Driver/Src/stm32f4xx_hal_tim.o
 .text.TIM_ETR_SetConfig
                0x00000000080063dc       0x40 Drivers/STM32F4xx_HAL_Driver/Src/stm32f4xx_hal_tim.o
                0x00000000080063dc                TIM_ETR_SetConfig
 .text.HAL_TIMEx_MasterConfigSynchronization
                0x000000000800641c       0xf8 Drivers/STM32F4xx_HAL_Driver/Src/stm32f4xx_hal_tim_ex.o
                0x000000000800641c                HAL_TIMEx_MasterConfigSynchronization
 .text.HAL_TIMEx_CommutCallback
                0x0000000008006514       0x14 Drivers/STM32F4xx_HAL_Driver/Src/stm32f4xx_hal_tim_ex.o
                0x0000000008006514                HAL_TIMEx_CommutCallback
 .text.HAL_TIMEx_BreakCallback
                0x0000000008006528       0x14 Drivers/STM32F4xx_HAL_Driver/Src/stm32f4xx_hal_tim_ex.o
                0x0000000008006528                HAL_TIMEx_BreakCallback
 .text.HAL_UART_Init
                0x000000000800653c       0x9a Drivers/STM32F4xx_HAL_Driver/Src/stm32f4xx_hal_uart.o
                0x000000000800653c                HAL_UART_Init
 .text.HAL_UART_Transmit
                0x00000000080065d6      0x124 Drivers/STM32F4xx_HAL_Driver/Src/stm32f4xx_hal_uart.o
                0x00000000080065d6                HAL_UART_Transmit
 .text.UART_WaitOnFlagUntilTimeout
                0x00000000080066fa       0x94 Drivers/STM32F4xx_HAL_Driver/Src/stm32f4xx_hal_uart.o
 *fill*         0x000000000800678e        0x2 
 .text.UART_SetConfig
                0x0000000008006790      0x390 Drivers/STM32F4xx_HAL_Driver/Src/stm32f4xx_hal_uart.o
 .text.FSMC_NORSRAM_Init
                0x0000000008006b20       0xe0 Drivers/STM32F4xx_HAL_Driver/Src/stm32f4xx_ll_fsmc.o
                0x0000000008006b20                FSMC_NORSRAM_Init
 .text.FSMC_NORSRAM_Timing_Init
                0x0000000008006c00       0xa6 Drivers/STM32F4xx_HAL_Driver/Src/stm32f4xx_ll_fsmc.o
                0x0000000008006c00                FSMC_NORSRAM_Timing_Init
 *fill*         0x0000000008006ca6        0x2 
 .text.FSMC_NORSRAM_Extended_Timing_Init
                0x0000000008006ca8       0x80 Drivers/STM32F4xx_HAL_Driver/Src/stm32f4xx_ll_fsmc.o
                0x0000000008006ca8                FSMC_NORSRAM_Extended_Timing_Init
 .text.__errno  0x0000000008006d28        0xc c:/st/stm32cubeide_1.6.1/stm32cubeide/plugins/com.st.stm32cube.ide.mcu.externaltools.gnu-tools-for-stm32.9-2020-q2-update.win32_1.5.0.202011040924/tools/bin/../lib/gcc/arm-none-eabi/9.3.1/../../../../arm-none-eabi/lib/thumb/v7e-m+fp/hard\libc_nano.a(lib_a-errno.o)
                0x0000000008006d28                __errno
 .text.__libc_init_array
                0x0000000008006d34       0x48 c:/st/stm32cubeide_1.6.1/stm32cubeide/plugins/com.st.stm32cube.ide.mcu.externaltools.gnu-tools-for-stm32.9-2020-q2-update.win32_1.5.0.202011040924/tools/bin/../lib/gcc/arm-none-eabi/9.3.1/../../../../arm-none-eabi/lib/thumb/v7e-m+fp/hard\libc_nano.a(lib_a-init.o)
                0x0000000008006d34                __libc_init_array
 .text.memset   0x0000000008006d7c       0x10 c:/st/stm32cubeide_1.6.1/stm32cubeide/plugins/com.st.stm32cube.ide.mcu.externaltools.gnu-tools-for-stm32.9-2020-q2-update.win32_1.5.0.202011040924/tools/bin/../lib/gcc/arm-none-eabi/9.3.1/../../../../arm-none-eabi/lib/thumb/v7e-m+fp/hard\libc_nano.a(lib_a-memset.o)
                0x0000000008006d7c                memset
 .text.__cvt    0x0000000008006d8c       0xc4 c:/st/stm32cubeide_1.6.1/stm32cubeide/plugins/com.st.stm32cube.ide.mcu.externaltools.gnu-tools-for-stm32.9-2020-q2-update.win32_1.5.0.202011040924/tools/bin/../lib/gcc/arm-none-eabi/9.3.1/../../../../arm-none-eabi/lib/thumb/v7e-m+fp/hard\libc_nano.a(lib_a-nano-vfprintf_float.o)
                0x0000000008006d8c                __cvt
 .text.__exponent
                0x0000000008006e50       0x7c c:/st/stm32cubeide_1.6.1/stm32cubeide/plugins/com.st.stm32cube.ide.mcu.externaltools.gnu-tools-for-stm32.9-2020-q2-update.win32_1.5.0.202011040924/tools/bin/../lib/gcc/arm-none-eabi/9.3.1/../../../../arm-none-eabi/lib/thumb/v7e-m+fp/hard\libc_nano.a(lib_a-nano-vfprintf_float.o)
                0x0000000008006e50                __exponent
 .text._printf_float
                0x0000000008006ecc      0x46c c:/st/stm32cubeide_1.6.1/stm32cubeide/plugins/com.st.stm32cube.ide.mcu.externaltools.gnu-tools-for-stm32.9-2020-q2-update.win32_1.5.0.202011040924/tools/bin/../lib/gcc/arm-none-eabi/9.3.1/../../../../arm-none-eabi/lib/thumb/v7e-m+fp/hard\libc_nano.a(lib_a-nano-vfprintf_float.o)
                0x0000000008006ecc                _printf_float
 .text._printf_common
                0x0000000008007338       0xda c:/st/stm32cubeide_1.6.1/stm32cubeide/plugins/com.st.stm32cube.ide.mcu.externaltools.gnu-tools-for-stm32.9-2020-q2-update.win32_1.5.0.202011040924/tools/bin/../lib/gcc/arm-none-eabi/9.3.1/../../../../arm-none-eabi/lib/thumb/v7e-m+fp/hard\libc_nano.a(lib_a-nano-vfprintf_i.o)
                0x0000000008007338                _printf_common
 *fill*         0x0000000008007412        0x2 
 .text._printf_i
                0x0000000008007414      0x24c c:/st/stm32cubeide_1.6.1/stm32cubeide/plugins/com.st.stm32cube.ide.mcu.externaltools.gnu-tools-for-stm32.9-2020-q2-update.win32_1.5.0.202011040924/tools/bin/../lib/gcc/arm-none-eabi/9.3.1/../../../../arm-none-eabi/lib/thumb/v7e-m+fp/hard\libc_nano.a(lib_a-nano-vfprintf_i.o)
                0x0000000008007414                _printf_i
 .text.modf     0x0000000008007660       0x94 c:/st/stm32cubeide_1.6.1/stm32cubeide/plugins/com.st.stm32cube.ide.mcu.externaltools.gnu-tools-for-stm32.9-2020-q2-update.win32_1.5.0.202011040924/tools/bin/../lib/gcc/arm-none-eabi/9.3.1/../../../../arm-none-eabi/lib/thumb/v7e-m+fp/hard\libc_nano.a(lib_a-s_modf.o)
                0x0000000008007660                modf
 .text.sprintf  0x00000000080076f4       0x40 c:/st/stm32cubeide_1.6.1/stm32cubeide/plugins/com.st.stm32cube.ide.mcu.externaltools.gnu-tools-for-stm32.9-2020-q2-update.win32_1.5.0.202011040924/tools/bin/../lib/gcc/arm-none-eabi/9.3.1/../../../../arm-none-eabi/lib/thumb/v7e-m+fp/hard\libc_nano.a(lib_a-sprintf.o)
                0x00000000080076f4                siprintf
                0x00000000080076f4                sprintf
 .text.quorem   0x0000000008007734      0x116 c:/st/stm32cubeide_1.6.1/stm32cubeide/plugins/com.st.stm32cube.ide.mcu.externaltools.gnu-tools-for-stm32.9-2020-q2-update.win32_1.5.0.202011040924/tools/bin/../lib/gcc/arm-none-eabi/9.3.1/../../../../arm-none-eabi/lib/thumb/v7e-m+fp/hard\libc_nano.a(lib_a-dtoa.o)
 *fill*         0x000000000800784a        0x6 
 .text._dtoa_r  0x0000000008007850      0xbd8 c:/st/stm32cubeide_1.6.1/stm32cubeide/plugins/com.st.stm32cube.ide.mcu.externaltools.gnu-tools-for-stm32.9-2020-q2-update.win32_1.5.0.202011040924/tools/bin/../lib/gcc/arm-none-eabi/9.3.1/../../../../arm-none-eabi/lib/thumb/v7e-m+fp/hard\libc_nano.a(lib_a-dtoa.o)
                0x0000000008007850                _dtoa_r
 .text._localeconv_r
                0x0000000008008428        0x8 c:/st/stm32cubeide_1.6.1/stm32cubeide/plugins/com.st.stm32cube.ide.mcu.externaltools.gnu-tools-for-stm32.9-2020-q2-update.win32_1.5.0.202011040924/tools/bin/../lib/gcc/arm-none-eabi/9.3.1/../../../../arm-none-eabi/lib/thumb/v7e-m+fp/hard\libc_nano.a(lib_a-localeconv.o)
                0x0000000008008428                _localeconv_r
 .text.malloc   0x0000000008008430       0x10 c:/st/stm32cubeide_1.6.1/stm32cubeide/plugins/com.st.stm32cube.ide.mcu.externaltools.gnu-tools-for-stm32.9-2020-q2-update.win32_1.5.0.202011040924/tools/bin/../lib/gcc/arm-none-eabi/9.3.1/../../../../arm-none-eabi/lib/thumb/v7e-m+fp/hard\libc_nano.a(lib_a-malloc.o)
                0x0000000008008430                malloc
 .text.memcpy   0x0000000008008440       0x1c c:/st/stm32cubeide_1.6.1/stm32cubeide/plugins/com.st.stm32cube.ide.mcu.externaltools.gnu-tools-for-stm32.9-2020-q2-update.win32_1.5.0.202011040924/tools/bin/../lib/gcc/arm-none-eabi/9.3.1/../../../../arm-none-eabi/lib/thumb/v7e-m+fp/hard\libc_nano.a(lib_a-memcpy-stub.o)
                0x0000000008008440                memcpy
 .text._Balloc  0x000000000800845c       0x80 c:/st/stm32cubeide_1.6.1/stm32cubeide/plugins/com.st.stm32cube.ide.mcu.externaltools.gnu-tools-for-stm32.9-2020-q2-update.win32_1.5.0.202011040924/tools/bin/../lib/gcc/arm-none-eabi/9.3.1/../../../../arm-none-eabi/lib/thumb/v7e-m+fp/hard\libc_nano.a(lib_a-mprec.o)
                0x000000000800845c                _Balloc
 .text._Bfree   0x00000000080084dc       0x44 c:/st/stm32cubeide_1.6.1/stm32cubeide/plugins/com.st.stm32cube.ide.mcu.externaltools.gnu-tools-for-stm32.9-2020-q2-update.win32_1.5.0.202011040924/tools/bin/../lib/gcc/arm-none-eabi/9.3.1/../../../../arm-none-eabi/lib/thumb/v7e-m+fp/hard\libc_nano.a(lib_a-mprec.o)
                0x00000000080084dc                _Bfree
 .text.__multadd
                0x0000000008008520       0x94 c:/st/stm32cubeide_1.6.1/stm32cubeide/plugins/com.st.stm32cube.ide.mcu.externaltools.gnu-tools-for-stm32.9-2020-q2-update.win32_1.5.0.202011040924/tools/bin/../lib/gcc/arm-none-eabi/9.3.1/../../../../arm-none-eabi/lib/thumb/v7e-m+fp/hard\libc_nano.a(lib_a-mprec.o)
                0x0000000008008520                __multadd
 .text.__hi0bits
                0x00000000080085b4       0x40 c:/st/stm32cubeide_1.6.1/stm32cubeide/plugins/com.st.stm32cube.ide.mcu.externaltools.gnu-tools-for-stm32.9-2020-q2-update.win32_1.5.0.202011040924/tools/bin/../lib/gcc/arm-none-eabi/9.3.1/../../../../arm-none-eabi/lib/thumb/v7e-m+fp/hard\libc_nano.a(lib_a-mprec.o)
                0x00000000080085b4                __hi0bits
 .text.__lo0bits
                0x00000000080085f4       0x60 c:/st/stm32cubeide_1.6.1/stm32cubeide/plugins/com.st.stm32cube.ide.mcu.externaltools.gnu-tools-for-stm32.9-2020-q2-update.win32_1.5.0.202011040924/tools/bin/../lib/gcc/arm-none-eabi/9.3.1/../../../../arm-none-eabi/lib/thumb/v7e-m+fp/hard\libc_nano.a(lib_a-mprec.o)
                0x00000000080085f4                __lo0bits
 .text.__i2b    0x0000000008008654       0x2c c:/st/stm32cubeide_1.6.1/stm32cubeide/plugins/com.st.stm32cube.ide.mcu.externaltools.gnu-tools-for-stm32.9-2020-q2-update.win32_1.5.0.202011040924/tools/bin/../lib/gcc/arm-none-eabi/9.3.1/../../../../arm-none-eabi/lib/thumb/v7e-m+fp/hard\libc_nano.a(lib_a-mprec.o)
                0x0000000008008654                __i2b
 .text.__multiply
                0x0000000008008680      0x14c c:/st/stm32cubeide_1.6.1/stm32cubeide/plugins/com.st.stm32cube.ide.mcu.externaltools.gnu-tools-for-stm32.9-2020-q2-update.win32_1.5.0.202011040924/tools/bin/../lib/gcc/arm-none-eabi/9.3.1/../../../../arm-none-eabi/lib/thumb/v7e-m+fp/hard\libc_nano.a(lib_a-mprec.o)
                0x0000000008008680                __multiply
 .text.__pow5mult
                0x00000000080087cc       0xb4 c:/st/stm32cubeide_1.6.1/stm32cubeide/plugins/com.st.stm32cube.ide.mcu.externaltools.gnu-tools-for-stm32.9-2020-q2-update.win32_1.5.0.202011040924/tools/bin/../lib/gcc/arm-none-eabi/9.3.1/../../../../arm-none-eabi/lib/thumb/v7e-m+fp/hard\libc_nano.a(lib_a-mprec.o)
                0x00000000080087cc                __pow5mult
 .text.__lshift
                0x0000000008008880       0xd8 c:/st/stm32cubeide_1.6.1/stm32cubeide/plugins/com.st.stm32cube.ide.mcu.externaltools.gnu-tools-for-stm32.9-2020-q2-update.win32_1.5.0.202011040924/tools/bin/../lib/gcc/arm-none-eabi/9.3.1/../../../../arm-none-eabi/lib/thumb/v7e-m+fp/hard\libc_nano.a(lib_a-mprec.o)
                0x0000000008008880                __lshift
 .text.__mcmp   0x0000000008008958       0x38 c:/st/stm32cubeide_1.6.1/stm32cubeide/plugins/com.st.stm32cube.ide.mcu.externaltools.gnu-tools-for-stm32.9-2020-q2-update.win32_1.5.0.202011040924/tools/bin/../lib/gcc/arm-none-eabi/9.3.1/../../../../arm-none-eabi/lib/thumb/v7e-m+fp/hard\libc_nano.a(lib_a-mprec.o)
                0x0000000008008958                __mcmp
 .text.__mdiff  0x0000000008008990      0x110 c:/st/stm32cubeide_1.6.1/stm32cubeide/plugins/com.st.stm32cube.ide.mcu.externaltools.gnu-tools-for-stm32.9-2020-q2-update.win32_1.5.0.202011040924/tools/bin/../lib/gcc/arm-none-eabi/9.3.1/../../../../arm-none-eabi/lib/thumb/v7e-m+fp/hard\libc_nano.a(lib_a-mprec.o)
                0x0000000008008990                __mdiff
 .text.__d2b    0x0000000008008aa0       0xb8 c:/st/stm32cubeide_1.6.1/stm32cubeide/plugins/com.st.stm32cube.ide.mcu.externaltools.gnu-tools-for-stm32.9-2020-q2-update.win32_1.5.0.202011040924/tools/bin/../lib/gcc/arm-none-eabi/9.3.1/../../../../arm-none-eabi/lib/thumb/v7e-m+fp/hard\libc_nano.a(lib_a-mprec.o)
                0x0000000008008aa0                __d2b
 .text._calloc_r
                0x0000000008008b58       0x1e c:/st/stm32cubeide_1.6.1/stm32cubeide/plugins/com.st.stm32cube.ide.mcu.externaltools.gnu-tools-for-stm32.9-2020-q2-update.win32_1.5.0.202011040924/tools/bin/../lib/gcc/arm-none-eabi/9.3.1/../../../../arm-none-eabi/lib/thumb/v7e-m+fp/hard\libc_nano.a(lib_a-nano-callocr.o)
                0x0000000008008b58                _calloc_r
 *fill*         0x0000000008008b76        0x2 
 .text._free_r  0x0000000008008b78       0xa0 c:/st/stm32cubeide_1.6.1/stm32cubeide/plugins/com.st.stm32cube.ide.mcu.externaltools.gnu-tools-for-stm32.9-2020-q2-update.win32_1.5.0.202011040924/tools/bin/../lib/gcc/arm-none-eabi/9.3.1/../../../../arm-none-eabi/lib/thumb/v7e-m+fp/hard\libc_nano.a(lib_a-nano-freer.o)
                0x0000000008008b78                _free_r
 .text._malloc_r
                0x0000000008008c18       0xb4 c:/st/stm32cubeide_1.6.1/stm32cubeide/plugins/com.st.stm32cube.ide.mcu.externaltools.gnu-tools-for-stm32.9-2020-q2-update.win32_1.5.0.202011040924/tools/bin/../lib/gcc/arm-none-eabi/9.3.1/../../../../arm-none-eabi/lib/thumb/v7e-m+fp/hard\libc_nano.a(lib_a-nano-mallocr.o)
                0x0000000008008c18                _malloc_r
 .text.__ssputs_r
                0x0000000008008ccc       0xb6 c:/st/stm32cubeide_1.6.1/stm32cubeide/plugins/com.st.stm32cube.ide.mcu.externaltools.gnu-tools-for-stm32.9-2020-q2-update.win32_1.5.0.202011040924/tools/bin/../lib/gcc/arm-none-eabi/9.3.1/../../../../arm-none-eabi/lib/thumb/v7e-m+fp/hard\libc_nano.a(lib_a-nano-svfprintf.o)
                0x0000000008008ccc                __ssputs_r
 *fill*         0x0000000008008d82        0x2 
 .text._svfprintf_r
                0x0000000008008d84      0x200 c:/st/stm32cubeide_1.6.1/stm32cubeide/plugins/com.st.stm32cube.ide.mcu.externaltools.gnu-tools-for-stm32.9-2020-q2-update.win32_1.5.0.202011040924/tools/bin/../lib/gcc/arm-none-eabi/9.3.1/../../../../arm-none-eabi/lib/thumb/v7e-m+fp/hard\libc_nano.a(lib_a-nano-svfprintf.o)
                0x0000000008008d84                _svfiprintf_r
                0x0000000008008d84                _svfprintf_r
 .text._sbrk_r  0x0000000008008f84       0x20 c:/st/stm32cubeide_1.6.1/stm32cubeide/plugins/com.st.stm32cube.ide.mcu.externaltools.gnu-tools-for-stm32.9-2020-q2-update.win32_1.5.0.202011040924/tools/bin/../lib/gcc/arm-none-eabi/9.3.1/../../../../arm-none-eabi/lib/thumb/v7e-m+fp/hard\libc_nano.a(lib_a-sbrkr.o)
                0x0000000008008f84                _sbrk_r
 .text.__assert_func
                0x0000000008008fa4       0x3c c:/st/stm32cubeide_1.6.1/stm32cubeide/plugins/com.st.stm32cube.ide.mcu.externaltools.gnu-tools-for-stm32.9-2020-q2-update.win32_1.5.0.202011040924/tools/bin/../lib/gcc/arm-none-eabi/9.3.1/../../../../arm-none-eabi/lib/thumb/v7e-m+fp/hard\libc_nano.a(lib_a-assert.o)
                0x0000000008008fa4                __assert_func
 .text.fprintf  0x0000000008008fe0       0x24 c:/st/stm32cubeide_1.6.1/stm32cubeide/plugins/com.st.stm32cube.ide.mcu.externaltools.gnu-tools-for-stm32.9-2020-q2-update.win32_1.5.0.202011040924/tools/bin/../lib/gcc/arm-none-eabi/9.3.1/../../../../arm-none-eabi/lib/thumb/v7e-m+fp/hard\libc_nano.a(lib_a-fprintf.o)
                0x0000000008008fe0                fiprintf
                0x0000000008008fe0                fprintf
 .text.__ascii_mbtowc
                0x0000000008009004       0x24 c:/st/stm32cubeide_1.6.1/stm32cubeide/plugins/com.st.stm32cube.ide.mcu.externaltools.gnu-tools-for-stm32.9-2020-q2-update.win32_1.5.0.202011040924/tools/bin/../lib/gcc/arm-none-eabi/9.3.1/../../../../arm-none-eabi/lib/thumb/v7e-m+fp/hard\libc_nano.a(lib_a-mbtowc_r.o)
                0x0000000008009004                __ascii_mbtowc
 .text.memmove  0x0000000008009028       0x34 c:/st/stm32cubeide_1.6.1/stm32cubeide/plugins/com.st.stm32cube.ide.mcu.externaltools.gnu-tools-for-stm32.9-2020-q2-update.win32_1.5.0.202011040924/tools/bin/../lib/gcc/arm-none-eabi/9.3.1/../../../../arm-none-eabi/lib/thumb/v7e-m+fp/hard\libc_nano.a(lib_a-memmove.o)
                0x0000000008009028                memmove
 .text.__malloc_lock
                0x000000000800905c        0xc c:/st/stm32cubeide_1.6.1/stm32cubeide/plugins/com.st.stm32cube.ide.mcu.externaltools.gnu-tools-for-stm32.9-2020-q2-update.win32_1.5.0.202011040924/tools/bin/../lib/gcc/arm-none-eabi/9.3.1/../../../../arm-none-eabi/lib/thumb/v7e-m+fp/hard\libc_nano.a(lib_a-mlock.o)
                0x000000000800905c                __malloc_lock
 .text.__malloc_unlock
                0x0000000008009068        0xc c:/st/stm32cubeide_1.6.1/stm32cubeide/plugins/com.st.stm32cube.ide.mcu.externaltools.gnu-tools-for-stm32.9-2020-q2-update.win32_1.5.0.202011040924/tools/bin/../lib/gcc/arm-none-eabi/9.3.1/../../../../arm-none-eabi/lib/thumb/v7e-m+fp/hard\libc_nano.a(lib_a-mlock.o)
                0x0000000008009068                __malloc_unlock
 .text._realloc_r
                0x0000000008009074       0x4c c:/st/stm32cubeide_1.6.1/stm32cubeide/plugins/com.st.stm32cube.ide.mcu.externaltools.gnu-tools-for-stm32.9-2020-q2-update.win32_1.5.0.202011040924/tools/bin/../lib/gcc/arm-none-eabi/9.3.1/../../../../arm-none-eabi/lib/thumb/v7e-m+fp/hard\libc_nano.a(lib_a-nano-reallocr.o)
                0x0000000008009074                _realloc_r
 .text.__sfputc_r
                0x00000000080090c0       0x2e c:/st/stm32cubeide_1.6.1/stm32cubeide/plugins/com.st.stm32cube.ide.mcu.externaltools.gnu-tools-for-stm32.9-2020-q2-update.win32_1.5.0.202011040924/tools/bin/../lib/gcc/arm-none-eabi/9.3.1/../../../../arm-none-eabi/lib/thumb/v7e-m+fp/hard\libc_nano.a(lib_a-nano-vfprintf.o)
 .text.__sfputs_r
                0x00000000080090ee       0x24 c:/st/stm32cubeide_1.6.1/stm32cubeide/plugins/com.st.stm32cube.ide.mcu.externaltools.gnu-tools-for-stm32.9-2020-q2-update.win32_1.5.0.202011040924/tools/bin/../lib/gcc/arm-none-eabi/9.3.1/../../../../arm-none-eabi/lib/thumb/v7e-m+fp/hard\libc_nano.a(lib_a-nano-vfprintf.o)
                0x00000000080090ee                __sfputs_r
 *fill*         0x0000000008009112        0x2 
 .text._vfprintf_r
                0x0000000008009114      0x260 c:/st/stm32cubeide_1.6.1/stm32cubeide/plugins/com.st.stm32cube.ide.mcu.externaltools.gnu-tools-for-stm32.9-2020-q2-update.win32_1.5.0.202011040924/tools/bin/../lib/gcc/arm-none-eabi/9.3.1/../../../../arm-none-eabi/lib/thumb/v7e-m+fp/hard\libc_nano.a(lib_a-nano-vfprintf.o)
                0x0000000008009114                _vfprintf_r
                0x0000000008009114                _vfiprintf_r
 .text.__swbuf_r
                0x0000000008009374       0xa4 c:/st/stm32cubeide_1.6.1/stm32cubeide/plugins/com.st.stm32cube.ide.mcu.externaltools.gnu-tools-for-stm32.9-2020-q2-update.win32_1.5.0.202011040924/tools/bin/../lib/gcc/arm-none-eabi/9.3.1/../../../../arm-none-eabi/lib/thumb/v7e-m+fp/hard\libc_nano.a(lib_a-wbuf.o)
                0x0000000008009374                __swbuf_r
 .text.__ascii_wctomb
                0x0000000008009418       0x1a c:/st/stm32cubeide_1.6.1/stm32cubeide/plugins/com.st.stm32cube.ide.mcu.externaltools.gnu-tools-for-stm32.9-2020-q2-update.win32_1.5.0.202011040924/tools/bin/../lib/gcc/arm-none-eabi/9.3.1/../../../../arm-none-eabi/lib/thumb/v7e-m+fp/hard\libc_nano.a(lib_a-wctomb_r.o)
                0x0000000008009418                __ascii_wctomb
 *fill*         0x0000000008009432        0x2 
 .text.__swsetup_r
                0x0000000008009434       0xdc c:/st/stm32cubeide_1.6.1/stm32cubeide/plugins/com.st.stm32cube.ide.mcu.externaltools.gnu-tools-for-stm32.9-2020-q2-update.win32_1.5.0.202011040924/tools/bin/../lib/gcc/arm-none-eabi/9.3.1/../../../../arm-none-eabi/lib/thumb/v7e-m+fp/hard\libc_nano.a(lib_a-wsetup.o)
                0x0000000008009434                __swsetup_r
 .text.abort    0x0000000008009510        0xe c:/st/stm32cubeide_1.6.1/stm32cubeide/plugins/com.st.stm32cube.ide.mcu.externaltools.gnu-tools-for-stm32.9-2020-q2-update.win32_1.5.0.202011040924/tools/bin/../lib/gcc/arm-none-eabi/9.3.1/../../../../arm-none-eabi/lib/thumb/v7e-m+fp/hard\libc_nano.a(lib_a-abort.o)
                0x0000000008009510                abort
 *fill*         0x000000000800951e        0x2 
 .text.__sflush_r
                0x0000000008009520      0x10c c:/st/stm32cubeide_1.6.1/stm32cubeide/plugins/com.st.stm32cube.ide.mcu.externaltools.gnu-tools-for-stm32.9-2020-q2-update.win32_1.5.0.202011040924/tools/bin/../lib/gcc/arm-none-eabi/9.3.1/../../../../arm-none-eabi/lib/thumb/v7e-m+fp/hard\libc_nano.a(lib_a-fflush.o)
                0x0000000008009520                __sflush_r
 .text._fflush_r
                0x000000000800962c       0x78 c:/st/stm32cubeide_1.6.1/stm32cubeide/plugins/com.st.stm32cube.ide.mcu.externaltools.gnu-tools-for-stm32.9-2020-q2-update.win32_1.5.0.202011040924/tools/bin/../lib/gcc/arm-none-eabi/9.3.1/../../../../arm-none-eabi/lib/thumb/v7e-m+fp/hard\libc_nano.a(lib_a-fflush.o)
                0x000000000800962c                _fflush_r
 .text.std      0x00000000080096a4       0x48 c:/st/stm32cubeide_1.6.1/stm32cubeide/plugins/com.st.stm32cube.ide.mcu.externaltools.gnu-tools-for-stm32.9-2020-q2-update.win32_1.5.0.202011040924/tools/bin/../lib/gcc/arm-none-eabi/9.3.1/../../../../arm-none-eabi/lib/thumb/v7e-m+fp/hard\libc_nano.a(lib_a-findfp.o)
 .text._cleanup_r
                0x00000000080096ec        0xc c:/st/stm32cubeide_1.6.1/stm32cubeide/plugins/com.st.stm32cube.ide.mcu.externaltools.gnu-tools-for-stm32.9-2020-q2-update.win32_1.5.0.202011040924/tools/bin/../lib/gcc/arm-none-eabi/9.3.1/../../../../arm-none-eabi/lib/thumb/v7e-m+fp/hard\libc_nano.a(lib_a-findfp.o)
                0x00000000080096ec                _cleanup_r
 .text.__sfmoreglue
                0x00000000080096f8       0x2c c:/st/stm32cubeide_1.6.1/stm32cubeide/plugins/com.st.stm32cube.ide.mcu.externaltools.gnu-tools-for-stm32.9-2020-q2-update.win32_1.5.0.202011040924/tools/bin/../lib/gcc/arm-none-eabi/9.3.1/../../../../arm-none-eabi/lib/thumb/v7e-m+fp/hard\libc_nano.a(lib_a-findfp.o)
                0x00000000080096f8                __sfmoreglue
 .text.__sfp_lock_acquire
                0x0000000008009724        0xc c:/st/stm32cubeide_1.6.1/stm32cubeide/plugins/com.st.stm32cube.ide.mcu.externaltools.gnu-tools-for-stm32.9-2020-q2-update.win32_1.5.0.202011040924/tools/bin/../lib/gcc/arm-none-eabi/9.3.1/../../../../arm-none-eabi/lib/thumb/v7e-m+fp/hard\libc_nano.a(lib_a-findfp.o)
                0x0000000008009724                __sfp_lock_acquire
 .text.__sfp_lock_release
                0x0000000008009730        0xc c:/st/stm32cubeide_1.6.1/stm32cubeide/plugins/com.st.stm32cube.ide.mcu.externaltools.gnu-tools-for-stm32.9-2020-q2-update.win32_1.5.0.202011040924/tools/bin/../lib/gcc/arm-none-eabi/9.3.1/../../../../arm-none-eabi/lib/thumb/v7e-m+fp/hard\libc_nano.a(lib_a-findfp.o)
                0x0000000008009730                __sfp_lock_release
 .text.__sinit_lock_acquire
                0x000000000800973c        0xc c:/st/stm32cubeide_1.6.1/stm32cubeide/plugins/com.st.stm32cube.ide.mcu.externaltools.gnu-tools-for-stm32.9-2020-q2-update.win32_1.5.0.202011040924/tools/bin/../lib/gcc/arm-none-eabi/9.3.1/../../../../arm-none-eabi/lib/thumb/v7e-m+fp/hard\libc_nano.a(lib_a-findfp.o)
                0x000000000800973c                __sinit_lock_acquire
 .text.__sinit_lock_release
                0x0000000008009748        0xc c:/st/stm32cubeide_1.6.1/stm32cubeide/plugins/com.st.stm32cube.ide.mcu.externaltools.gnu-tools-for-stm32.9-2020-q2-update.win32_1.5.0.202011040924/tools/bin/../lib/gcc/arm-none-eabi/9.3.1/../../../../arm-none-eabi/lib/thumb/v7e-m+fp/hard\libc_nano.a(lib_a-findfp.o)
                0x0000000008009748                __sinit_lock_release
 .text.__sinit  0x0000000008009754       0x70 c:/st/stm32cubeide_1.6.1/stm32cubeide/plugins/com.st.stm32cube.ide.mcu.externaltools.gnu-tools-for-stm32.9-2020-q2-update.win32_1.5.0.202011040924/tools/bin/../lib/gcc/arm-none-eabi/9.3.1/../../../../arm-none-eabi/lib/thumb/v7e-m+fp/hard\libc_nano.a(lib_a-findfp.o)
                0x0000000008009754                __sinit
 .text.__sfp    0x00000000080097c4       0x8c c:/st/stm32cubeide_1.6.1/stm32cubeide/plugins/com.st.stm32cube.ide.mcu.externaltools.gnu-tools-for-stm32.9-2020-q2-update.win32_1.5.0.202011040924/tools/bin/../lib/gcc/arm-none-eabi/9.3.1/../../../../arm-none-eabi/lib/thumb/v7e-m+fp/hard\libc_nano.a(lib_a-findfp.o)
                0x00000000080097c4                __sfp
 .text._fwalk_reent
                0x0000000008009850       0x3e c:/st/stm32cubeide_1.6.1/stm32cubeide/plugins/com.st.stm32cube.ide.mcu.externaltools.gnu-tools-for-stm32.9-2020-q2-update.win32_1.5.0.202011040924/tools/bin/../lib/gcc/arm-none-eabi/9.3.1/../../../../arm-none-eabi/lib/thumb/v7e-m+fp/hard\libc_nano.a(lib_a-fwalk.o)
                0x0000000008009850                _fwalk_reent
 .text.__retarget_lock_init_recursive
                0x000000000800988e        0x2 c:/st/stm32cubeide_1.6.1/stm32cubeide/plugins/com.st.stm32cube.ide.mcu.externaltools.gnu-tools-for-stm32.9-2020-q2-update.win32_1.5.0.202011040924/tools/bin/../lib/gcc/arm-none-eabi/9.3.1/../../../../arm-none-eabi/lib/thumb/v7e-m+fp/hard\libc_nano.a(lib_a-lock.o)
                0x000000000800988e                __retarget_lock_init_recursive
 .text.__retarget_lock_acquire_recursive
                0x0000000008009890        0x2 c:/st/stm32cubeide_1.6.1/stm32cubeide/plugins/com.st.stm32cube.ide.mcu.externaltools.gnu-tools-for-stm32.9-2020-q2-update.win32_1.5.0.202011040924/tools/bin/../lib/gcc/arm-none-eabi/9.3.1/../../../../arm-none-eabi/lib/thumb/v7e-m+fp/hard\libc_nano.a(lib_a-lock.o)
                0x0000000008009890                __retarget_lock_acquire_recursive
 .text.__retarget_lock_release_recursive
                0x0000000008009892        0x2 c:/st/stm32cubeide_1.6.1/stm32cubeide/plugins/com.st.stm32cube.ide.mcu.externaltools.gnu-tools-for-stm32.9-2020-q2-update.win32_1.5.0.202011040924/tools/bin/../lib/gcc/arm-none-eabi/9.3.1/../../../../arm-none-eabi/lib/thumb/v7e-m+fp/hard\libc_nano.a(lib_a-lock.o)
                0x0000000008009892                __retarget_lock_release_recursive
 .text.__swhatbuf_r
                0x0000000008009894       0x48 c:/st/stm32cubeide_1.6.1/stm32cubeide/plugins/com.st.stm32cube.ide.mcu.externaltools.gnu-tools-for-stm32.9-2020-q2-update.win32_1.5.0.202011040924/tools/bin/../lib/gcc/arm-none-eabi/9.3.1/../../../../arm-none-eabi/lib/thumb/v7e-m+fp/hard\libc_nano.a(lib_a-makebuf.o)
                0x0000000008009894                __swhatbuf_r
 .text.__smakebuf_r
                0x00000000080098dc       0x80 c:/st/stm32cubeide_1.6.1/stm32cubeide/plugins/com.st.stm32cube.ide.mcu.externaltools.gnu-tools-for-stm32.9-2020-q2-update.win32_1.5.0.202011040924/tools/bin/../lib/gcc/arm-none-eabi/9.3.1/../../../../arm-none-eabi/lib/thumb/v7e-m+fp/hard\libc_nano.a(lib_a-makebuf.o)
                0x00000000080098dc                __smakebuf_r
 .text._malloc_usable_size_r
                0x000000000800995c       0x10 c:/st/stm32cubeide_1.6.1/stm32cubeide/plugins/com.st.stm32cube.ide.mcu.externaltools.gnu-tools-for-stm32.9-2020-q2-update.win32_1.5.0.202011040924/tools/bin/../lib/gcc/arm-none-eabi/9.3.1/../../../../arm-none-eabi/lib/thumb/v7e-m+fp/hard\libc_nano.a(lib_a-nano-msizer.o)
                0x000000000800995c                _malloc_usable_size_r
 .text._raise_r
                0x000000000800996c       0x50 c:/st/stm32cubeide_1.6.1/stm32cubeide/plugins/com.st.stm32cube.ide.mcu.externaltools.gnu-tools-for-stm32.9-2020-q2-update.win32_1.5.0.202011040924/tools/bin/../lib/gcc/arm-none-eabi/9.3.1/../../../../arm-none-eabi/lib/thumb/v7e-m+fp/hard\libc_nano.a(lib_a-signal.o)
                0x000000000800996c                _raise_r
 .text.raise    0x00000000080099bc       0x10 c:/st/stm32cubeide_1.6.1/stm32cubeide/plugins/com.st.stm32cube.ide.mcu.externaltools.gnu-tools-for-stm32.9-2020-q2-update.win32_1.5.0.202011040924/tools/bin/../lib/gcc/arm-none-eabi/9.3.1/../../../../arm-none-eabi/lib/thumb/v7e-m+fp/hard\libc_nano.a(lib_a-signal.o)
                0x00000000080099bc                raise
 .text._kill_r  0x00000000080099cc       0x24 c:/st/stm32cubeide_1.6.1/stm32cubeide/plugins/com.st.stm32cube.ide.mcu.externaltools.gnu-tools-for-stm32.9-2020-q2-update.win32_1.5.0.202011040924/tools/bin/../lib/gcc/arm-none-eabi/9.3.1/../../../../arm-none-eabi/lib/thumb/v7e-m+fp/hard\libc_nano.a(lib_a-signalr.o)
                0x00000000080099cc                _kill_r
 .text._getpid_r
                0x00000000080099f0        0x4 c:/st/stm32cubeide_1.6.1/stm32cubeide/plugins/com.st.stm32cube.ide.mcu.externaltools.gnu-tools-for-stm32.9-2020-q2-update.win32_1.5.0.202011040924/tools/bin/../lib/gcc/arm-none-eabi/9.3.1/../../../../arm-none-eabi/lib/thumb/v7e-m+fp/hard\libc_nano.a(lib_a-signalr.o)
                0x00000000080099f0                _getpid_r
 .text.__sread  0x00000000080099f4       0x22 c:/st/stm32cubeide_1.6.1/stm32cubeide/plugins/com.st.stm32cube.ide.mcu.externaltools.gnu-tools-for-stm32.9-2020-q2-update.win32_1.5.0.202011040924/tools/bin/../lib/gcc/arm-none-eabi/9.3.1/../../../../arm-none-eabi/lib/thumb/v7e-m+fp/hard\libc_nano.a(lib_a-stdio.o)
                0x00000000080099f4                __sread
 .text.__swrite
                0x0000000008009a16       0x38 c:/st/stm32cubeide_1.6.1/stm32cubeide/plugins/com.st.stm32cube.ide.mcu.externaltools.gnu-tools-for-stm32.9-2020-q2-update.win32_1.5.0.202011040924/tools/bin/../lib/gcc/arm-none-eabi/9.3.1/../../../../arm-none-eabi/lib/thumb/v7e-m+fp/hard\libc_nano.a(lib_a-stdio.o)
                0x0000000008009a16                __swrite
 .text.__sseek  0x0000000008009a4e       0x24 c:/st/stm32cubeide_1.6.1/stm32cubeide/plugins/com.st.stm32cube.ide.mcu.externaltools.gnu-tools-for-stm32.9-2020-q2-update.win32_1.5.0.202011040924/tools/bin/../lib/gcc/arm-none-eabi/9.3.1/../../../../arm-none-eabi/lib/thumb/v7e-m+fp/hard\libc_nano.a(lib_a-stdio.o)
                0x0000000008009a4e                __sseek
 .text.__sclose
                0x0000000008009a72        0x8 c:/st/stm32cubeide_1.6.1/stm32cubeide/plugins/com.st.stm32cube.ide.mcu.externaltools.gnu-tools-for-stm32.9-2020-q2-update.win32_1.5.0.202011040924/tools/bin/../lib/gcc/arm-none-eabi/9.3.1/../../../../arm-none-eabi/lib/thumb/v7e-m+fp/hard\libc_nano.a(lib_a-stdio.o)
                0x0000000008009a72                __sclose
 *fill*         0x0000000008009a7a        0x2 
 .text._write_r
                0x0000000008009a7c       0x24 c:/st/stm32cubeide_1.6.1/stm32cubeide/plugins/com.st.stm32cube.ide.mcu.externaltools.gnu-tools-for-stm32.9-2020-q2-update.win32_1.5.0.202011040924/tools/bin/../lib/gcc/arm-none-eabi/9.3.1/../../../../arm-none-eabi/lib/thumb/v7e-m+fp/hard\libc_nano.a(lib_a-writer.o)
                0x0000000008009a7c                _write_r
 .text._close_r
                0x0000000008009aa0       0x20 c:/st/stm32cubeide_1.6.1/stm32cubeide/plugins/com.st.stm32cube.ide.mcu.externaltools.gnu-tools-for-stm32.9-2020-q2-update.win32_1.5.0.202011040924/tools/bin/../lib/gcc/arm-none-eabi/9.3.1/../../../../arm-none-eabi/lib/thumb/v7e-m+fp/hard\libc_nano.a(lib_a-closer.o)
                0x0000000008009aa0                _close_r
 .text._fstat_r
                0x0000000008009ac0       0x24 c:/st/stm32cubeide_1.6.1/stm32cubeide/plugins/com.st.stm32cube.ide.mcu.externaltools.gnu-tools-for-stm32.9-2020-q2-update.win32_1.5.0.202011040924/tools/bin/../lib/gcc/arm-none-eabi/9.3.1/../../../../arm-none-eabi/lib/thumb/v7e-m+fp/hard\libc_nano.a(lib_a-fstatr.o)
                0x0000000008009ac0                _fstat_r
 .text._isatty_r
                0x0000000008009ae4       0x20 c:/st/stm32cubeide_1.6.1/stm32cubeide/plugins/com.st.stm32cube.ide.mcu.externaltools.gnu-tools-for-stm32.9-2020-q2-update.win32_1.5.0.202011040924/tools/bin/../lib/gcc/arm-none-eabi/9.3.1/../../../../arm-none-eabi/lib/thumb/v7e-m+fp/hard\libc_nano.a(lib_a-isattyr.o)
                0x0000000008009ae4                _isatty_r
 .text._lseek_r
                0x0000000008009b04       0x24 c:/st/stm32cubeide_1.6.1/stm32cubeide/plugins/com.st.stm32cube.ide.mcu.externaltools.gnu-tools-for-stm32.9-2020-q2-update.win32_1.5.0.202011040924/tools/bin/../lib/gcc/arm-none-eabi/9.3.1/../../../../arm-none-eabi/lib/thumb/v7e-m+fp/hard\libc_nano.a(lib_a-lseekr.o)
                0x0000000008009b04                _lseek_r
 .text._read_r  0x0000000008009b28       0x24 c:/st/stm32cubeide_1.6.1/stm32cubeide/plugins/com.st.stm32cube.ide.mcu.externaltools.gnu-tools-for-stm32.9-2020-q2-update.win32_1.5.0.202011040924/tools/bin/../lib/gcc/arm-none-eabi/9.3.1/../../../../arm-none-eabi/lib/thumb/v7e-m+fp/hard\libc_nano.a(lib_a-readr.o)
                0x0000000008009b28                _read_r
 *(.glue_7)
 .glue_7        0x0000000008009b4c        0x0 linker stubs
 *(.glue_7t)
 .glue_7t       0x0000000008009b4c        0x0 linker stubs
 *(.eh_frame)
 .eh_frame      0x0000000008009b4c        0x0 c:/st/stm32cubeide_1.6.1/stm32cubeide/plugins/com.st.stm32cube.ide.mcu.externaltools.gnu-tools-for-stm32.9-2020-q2-update.win32_1.5.0.202011040924/tools/bin/../lib/gcc/arm-none-eabi/9.3.1/thumb/v7e-m+fp/hard/crtbegin.o
 *(.init)
 .init          0x0000000008009b4c        0x4 c:/st/stm32cubeide_1.6.1/stm32cubeide/plugins/com.st.stm32cube.ide.mcu.externaltools.gnu-tools-for-stm32.9-2020-q2-update.win32_1.5.0.202011040924/tools/bin/../lib/gcc/arm-none-eabi/9.3.1/thumb/v7e-m+fp/hard/crti.o
                0x0000000008009b4c                _init
 .init          0x0000000008009b50        0x8 c:/st/stm32cubeide_1.6.1/stm32cubeide/plugins/com.st.stm32cube.ide.mcu.externaltools.gnu-tools-for-stm32.9-2020-q2-update.win32_1.5.0.202011040924/tools/bin/../lib/gcc/arm-none-eabi/9.3.1/thumb/v7e-m+fp/hard/crtn.o
 *(.fini)
 .fini          0x0000000008009b58        0x4 c:/st/stm32cubeide_1.6.1/stm32cubeide/plugins/com.st.stm32cube.ide.mcu.externaltools.gnu-tools-for-stm32.9-2020-q2-update.win32_1.5.0.202011040924/tools/bin/../lib/gcc/arm-none-eabi/9.3.1/thumb/v7e-m+fp/hard/crti.o
                0x0000000008009b58                _fini
 .fini          0x0000000008009b5c        0x8 c:/st/stm32cubeide_1.6.1/stm32cubeide/plugins/com.st.stm32cube.ide.mcu.externaltools.gnu-tools-for-stm32.9-2020-q2-update.win32_1.5.0.202011040924/tools/bin/../lib/gcc/arm-none-eabi/9.3.1/thumb/v7e-m+fp/hard/crtn.o
                0x0000000008009b64                . = ALIGN (0x4)
                0x0000000008009b64                _etext = .

.vfp11_veneer   0x0000000008009b64        0x0
 .vfp11_veneer  0x0000000008009b64        0x0 linker stubs

.v4_bx          0x0000000008009b64        0x0
 .v4_bx         0x0000000008009b64        0x0 linker stubs

.iplt           0x0000000008009b64        0x0
 .iplt          0x0000000008009b64        0x0 c:/st/stm32cubeide_1.6.1/stm32cubeide/plugins/com.st.stm32cube.ide.mcu.externaltools.gnu-tools-for-stm32.9-2020-q2-update.win32_1.5.0.202011040924/tools/bin/../lib/gcc/arm-none-eabi/9.3.1/thumb/v7e-m+fp/hard/crtbegin.o

.rodata         0x0000000008009b68     0x235c
                0x0000000008009b68                . = ALIGN (0x4)
 *(.rodata)
 .rodata        0x0000000008009b68        0x8 Core/Src/AMG.o
 .rodata        0x0000000008009b70       0x13 Core/Src/LCD.o
 *fill*         0x0000000008009b83        0x1 
 .rodata        0x0000000008009b84       0x1b Core/Src/generalHandling.o
 *(.rodata*)
 *fill*         0x0000000008009b9f        0x1 
 .rodata.AHBPrescTable
                0x0000000008009ba0       0x10 Core/Src/system_stm32f4xx.o
                0x0000000008009ba0                AHBPrescTable
 .rodata.APBPrescTable
                0x0000000008009bb0        0x8 Core/Src/system_stm32f4xx.o
                0x0000000008009bb0                APBPrescTable
 .rodata.Font24_Table
                0x0000000008009bb8     0x1ab8 Drivers/BSP/STM32412G-Discovery/stm32412g_discovery_lcd.o
                0x0000000008009bb8                Font24_Table
 .rodata.Font12_Table
                0x000000000800b670      0x474 Drivers/BSP/STM32412G-Discovery/stm32412g_discovery_lcd.o
                0x000000000800b670                Font12_Table
 .rodata._global_impure_ptr
                0x000000000800bae4        0x4 c:/st/stm32cubeide_1.6.1/stm32cubeide/plugins/com.st.stm32cube.ide.mcu.externaltools.gnu-tools-for-stm32.9-2020-q2-update.win32_1.5.0.202011040924/tools/bin/../lib/gcc/arm-none-eabi/9.3.1/../../../../arm-none-eabi/lib/thumb/v7e-m+fp/hard\libc_nano.a(lib_a-impure.o)
                0x000000000800bae4                _global_impure_ptr
 .rodata._printf_float.str1.1
                0x000000000800bae8       0x12 c:/st/stm32cubeide_1.6.1/stm32cubeide/plugins/com.st.stm32cube.ide.mcu.externaltools.gnu-tools-for-stm32.9-2020-q2-update.win32_1.5.0.202011040924/tools/bin/../lib/gcc/arm-none-eabi/9.3.1/../../../../arm-none-eabi/lib/thumb/v7e-m+fp/hard\libc_nano.a(lib_a-nano-vfprintf_float.o)
 .rodata._printf_i.str1.1
                0x000000000800bafa       0x22 c:/st/stm32cubeide_1.6.1/stm32cubeide/plugins/com.st.stm32cube.ide.mcu.externaltools.gnu-tools-for-stm32.9-2020-q2-update.win32_1.5.0.202011040924/tools/bin/../lib/gcc/arm-none-eabi/9.3.1/../../../../arm-none-eabi/lib/thumb/v7e-m+fp/hard\libc_nano.a(lib_a-nano-vfprintf_i.o)
 .rodata._dtoa_r.str1.1
                0x000000000800bb1c       0x94 c:/st/stm32cubeide_1.6.1/stm32cubeide/plugins/com.st.stm32cube.ide.mcu.externaltools.gnu-tools-for-stm32.9-2020-q2-update.win32_1.5.0.202011040924/tools/bin/../lib/gcc/arm-none-eabi/9.3.1/../../../../arm-none-eabi/lib/thumb/v7e-m+fp/hard\libc_nano.a(lib_a-dtoa.o)
                                         0x96 (size before relaxing)
 .rodata._Balloc.str1.1
                0x000000000800bbb0       0x60 c:/st/stm32cubeide_1.6.1/stm32cubeide/plugins/com.st.stm32cube.ide.mcu.externaltools.gnu-tools-for-stm32.9-2020-q2-update.win32_1.5.0.202011040924/tools/bin/../lib/gcc/arm-none-eabi/9.3.1/../../../../arm-none-eabi/lib/thumb/v7e-m+fp/hard\libc_nano.a(lib_a-mprec.o)
                                         0x77 (size before relaxing)
 .rodata.__multadd.str1.1
                0x000000000800bc10       0x11 c:/st/stm32cubeide_1.6.1/stm32cubeide/plugins/com.st.stm32cube.ide.mcu.externaltools.gnu-tools-for-stm32.9-2020-q2-update.win32_1.5.0.202011040924/tools/bin/../lib/gcc/arm-none-eabi/9.3.1/../../../../arm-none-eabi/lib/thumb/v7e-m+fp/hard\libc_nano.a(lib_a-mprec.o)
 .rodata.__mprec_bigtens
                0x000000000800bc10       0x28 c:/st/stm32cubeide_1.6.1/stm32cubeide/plugins/com.st.stm32cube.ide.mcu.externaltools.gnu-tools-for-stm32.9-2020-q2-update.win32_1.5.0.202011040924/tools/bin/../lib/gcc/arm-none-eabi/9.3.1/../../../../arm-none-eabi/lib/thumb/v7e-m+fp/hard\libc_nano.a(lib_a-mprec.o)
                0x000000000800bc10                __mprec_bigtens
 .rodata.__mprec_tens
                0x000000000800bc38       0xc8 c:/st/stm32cubeide_1.6.1/stm32cubeide/plugins/com.st.stm32cube.ide.mcu.externaltools.gnu-tools-for-stm32.9-2020-q2-update.win32_1.5.0.202011040924/tools/bin/../lib/gcc/arm-none-eabi/9.3.1/../../../../arm-none-eabi/lib/thumb/v7e-m+fp/hard\libc_nano.a(lib_a-mprec.o)
                0x000000000800bc38                __mprec_tens
 .rodata.p05.7513
                0x000000000800bd00        0xc c:/st/stm32cubeide_1.6.1/stm32cubeide/plugins/com.st.stm32cube.ide.mcu.externaltools.gnu-tools-for-stm32.9-2020-q2-update.win32_1.5.0.202011040924/tools/bin/../lib/gcc/arm-none-eabi/9.3.1/../../../../arm-none-eabi/lib/thumb/v7e-m+fp/hard\libc_nano.a(lib_a-mprec.o)
 .rodata._svfprintf_r.str1.1
                0x000000000800bd0c       0x11 c:/st/stm32cubeide_1.6.1/stm32cubeide/plugins/com.st.stm32cube.ide.mcu.externaltools.gnu-tools-for-stm32.9-2020-q2-update.win32_1.5.0.202011040924/tools/bin/../lib/gcc/arm-none-eabi/9.3.1/../../../../arm-none-eabi/lib/thumb/v7e-m+fp/hard\libc_nano.a(lib_a-nano-svfprintf.o)
 .rodata.__assert_func.str1.1
                0x000000000800bd1d       0x3c c:/st/stm32cubeide_1.6.1/stm32cubeide/plugins/com.st.stm32cube.ide.mcu.externaltools.gnu-tools-for-stm32.9-2020-q2-update.win32_1.5.0.202011040924/tools/bin/../lib/gcc/arm-none-eabi/9.3.1/../../../../arm-none-eabi/lib/thumb/v7e-m+fp/hard\libc_nano.a(lib_a-assert.o)
                                         0x3d (size before relaxing)
 .rodata._setlocale_r.str1.1
                0x000000000800bd59        0x8 c:/st/stm32cubeide_1.6.1/stm32cubeide/plugins/com.st.stm32cube.ide.mcu.externaltools.gnu-tools-for-stm32.9-2020-q2-update.win32_1.5.0.202011040924/tools/bin/../lib/gcc/arm-none-eabi/9.3.1/../../../../arm-none-eabi/lib/thumb/v7e-m+fp/hard\libc_nano.a(lib_a-locale.o)
                                          0x9 (size before relaxing)
 .rodata.str1.1
                0x000000000800bd61        0x2 c:/st/stm32cubeide_1.6.1/stm32cubeide/plugins/com.st.stm32cube.ide.mcu.externaltools.gnu-tools-for-stm32.9-2020-q2-update.win32_1.5.0.202011040924/tools/bin/../lib/gcc/arm-none-eabi/9.3.1/../../../../arm-none-eabi/lib/thumb/v7e-m+fp/hard\libc_nano.a(lib_a-locale.o)
 .rodata._vfprintf_r.str1.1
                0x000000000800bd63       0x11 c:/st/stm32cubeide_1.6.1/stm32cubeide/plugins/com.st.stm32cube.ide.mcu.externaltools.gnu-tools-for-stm32.9-2020-q2-update.win32_1.5.0.202011040924/tools/bin/../lib/gcc/arm-none-eabi/9.3.1/../../../../arm-none-eabi/lib/thumb/v7e-m+fp/hard\libc_nano.a(lib_a-nano-vfprintf.o)
 .rodata._ctype_
                0x000000000800bd63      0x101 c:/st/stm32cubeide_1.6.1/stm32cubeide/plugins/com.st.stm32cube.ide.mcu.externaltools.gnu-tools-for-stm32.9-2020-q2-update.win32_1.5.0.202011040924/tools/bin/../lib/gcc/arm-none-eabi/9.3.1/../../../../arm-none-eabi/lib/thumb/v7e-m+fp/hard\libc_nano.a(lib_a-ctype_.o)
                0x000000000800bd63                _ctype_
 .rodata.__sf_fake_stderr
                0x000000000800be64       0x20 c:/st/stm32cubeide_1.6.1/stm32cubeide/plugins/com.st.stm32cube.ide.mcu.externaltools.gnu-tools-for-stm32.9-2020-q2-update.win32_1.5.0.202011040924/tools/bin/../lib/gcc/arm-none-eabi/9.3.1/../../../../arm-none-eabi/lib/thumb/v7e-m+fp/hard\libc_nano.a(lib_a-findfp.o)
                0x000000000800be64                __sf_fake_stderr
 .rodata.__sf_fake_stdin
                0x000000000800be84       0x20 c:/st/stm32cubeide_1.6.1/stm32cubeide/plugins/com.st.stm32cube.ide.mcu.externaltools.gnu-tools-for-stm32.9-2020-q2-update.win32_1.5.0.202011040924/tools/bin/../lib/gcc/arm-none-eabi/9.3.1/../../../../arm-none-eabi/lib/thumb/v7e-m+fp/hard\libc_nano.a(lib_a-findfp.o)
                0x000000000800be84                __sf_fake_stdin
 .rodata.__sf_fake_stdout
                0x000000000800bea4       0x20 c:/st/stm32cubeide_1.6.1/stm32cubeide/plugins/com.st.stm32cube.ide.mcu.externaltools.gnu-tools-for-stm32.9-2020-q2-update.win32_1.5.0.202011040924/tools/bin/../lib/gcc/arm-none-eabi/9.3.1/../../../../arm-none-eabi/lib/thumb/v7e-m+fp/hard\libc_nano.a(lib_a-findfp.o)
                0x000000000800bea4                __sf_fake_stdout
                0x000000000800bec4                . = ALIGN (0x4)

.ARM.extab      0x000000000800bec4        0x0
                0x000000000800bec4                . = ALIGN (0x4)
 *(.ARM.extab* .gnu.linkonce.armextab.*)
                0x000000000800bec4                . = ALIGN (0x4)

.ARM            0x000000000800bec4        0x8
                0x000000000800bec4                . = ALIGN (0x4)
                0x000000000800bec4                __exidx_start = .
 *(.ARM.exidx*)
 .ARM.exidx     0x000000000800bec4        0x8 c:/st/stm32cubeide_1.6.1/stm32cubeide/plugins/com.st.stm32cube.ide.mcu.externaltools.gnu-tools-for-stm32.9-2020-q2-update.win32_1.5.0.202011040924/tools/bin/../lib/gcc/arm-none-eabi/9.3.1/thumb/v7e-m+fp/hard\libgcc.a(_udivmoddi4.o)
                0x000000000800becc                __exidx_end = .
                0x000000000800becc                . = ALIGN (0x4)

.rel.dyn        0x000000000800becc        0x0
 .rel.iplt      0x000000000800becc        0x0 c:/st/stm32cubeide_1.6.1/stm32cubeide/plugins/com.st.stm32cube.ide.mcu.externaltools.gnu-tools-for-stm32.9-2020-q2-update.win32_1.5.0.202011040924/tools/bin/../lib/gcc/arm-none-eabi/9.3.1/thumb/v7e-m+fp/hard/crtbegin.o

.preinit_array  0x000000000800becc        0x0
                0x000000000800becc                . = ALIGN (0x4)
                0x000000000800becc                PROVIDE (__preinit_array_start = .)
 *(.preinit_array*)
                0x000000000800becc                PROVIDE (__preinit_array_end = .)
                0x000000000800becc                . = ALIGN (0x4)

.init_array     0x000000000800becc        0x4
                0x000000000800becc                . = ALIGN (0x4)
                0x000000000800becc                PROVIDE (__init_array_start = .)
 *(SORT_BY_NAME(.init_array.*))
 *(.init_array*)
 .init_array    0x000000000800becc        0x4 c:/st/stm32cubeide_1.6.1/stm32cubeide/plugins/com.st.stm32cube.ide.mcu.externaltools.gnu-tools-for-stm32.9-2020-q2-update.win32_1.5.0.202011040924/tools/bin/../lib/gcc/arm-none-eabi/9.3.1/thumb/v7e-m+fp/hard/crtbegin.o
                0x000000000800bed0                PROVIDE (__init_array_end = .)
                0x000000000800bed0                . = ALIGN (0x4)

.fini_array     0x000000000800bed0        0x4
                0x000000000800bed0                . = ALIGN (0x4)
                [!provide]                        PROVIDE (__fini_array_start = .)
 *(SORT_BY_NAME(.fini_array.*))
 *(.fini_array*)
 .fini_array    0x000000000800bed0        0x4 c:/st/stm32cubeide_1.6.1/stm32cubeide/plugins/com.st.stm32cube.ide.mcu.externaltools.gnu-tools-for-stm32.9-2020-q2-update.win32_1.5.0.202011040924/tools/bin/../lib/gcc/arm-none-eabi/9.3.1/thumb/v7e-m+fp/hard/crtbegin.o
                [!provide]                        PROVIDE (__fini_array_end = .)
                0x000000000800bed4                . = ALIGN (0x4)
                0x000000000800bed4                _sidata = LOADADDR (.data)

.data           0x0000000020000000      0x268 load address 0x000000000800bed4
                0x0000000020000000                . = ALIGN (0x4)
                0x0000000020000000                _sdata = .
 *(.data)
 *(.data*)
 .data.regDataL
                0x0000000020000000        0x1 Core/Src/AMG.o
                0x0000000020000000                regDataL
 .data.regDataH
                0x0000000020000001        0x1 Core/Src/AMG.o
                0x0000000020000001                regDataH
 *fill*         0x0000000020000002        0x2 
 .data.SystemCoreClock
                0x0000000020000004        0x4 Core/Src/system_stm32f4xx.o
                0x0000000020000004                SystemCoreClock
 .data.ls016b8uy_drv
                0x0000000020000008       0x38 Drivers/BSP/Components/ls016b8uy/ls016b8uy.o
                0x0000000020000008                ls016b8uy_drv
 .data.WindowsXend
                0x0000000020000040        0x2 Drivers/BSP/Components/ls016b8uy/ls016b8uy.o
 .data.WindowsYend
                0x0000000020000042        0x2 Drivers/BSP/Components/ls016b8uy/ls016b8uy.o
 .data.ST7789H2_drv
                0x0000000020000044       0x38 Drivers/BSP/Components/st7789h2/st7789h2.o
                0x0000000020000044                ST7789H2_drv
 .data.WindowsXend
                0x000000002000007c        0x2 Drivers/BSP/Components/st7789h2/st7789h2.o
 .data.WindowsYend
                0x000000002000007e        0x2 Drivers/BSP/Components/st7789h2/st7789h2.o
 .data.Font24   0x0000000020000080        0x8 Drivers/BSP/STM32412G-Discovery/stm32412g_discovery_lcd.o
                0x0000000020000080                Font24
 .data.Font12   0x0000000020000088        0x8 Drivers/BSP/STM32412G-Discovery/stm32412g_discovery_lcd.o
                0x0000000020000088                Font12
 .data.uwTickPrio
                0x0000000020000090        0x4 Drivers/STM32F4xx_HAL_Driver/Src/stm32f4xx_hal.o
                0x0000000020000090                uwTickPrio
 .data.uwTickFreq
                0x0000000020000094        0x1 Drivers/STM32F4xx_HAL_Driver/Src/stm32f4xx_hal.o
                0x0000000020000094                uwTickFreq
 *fill*         0x0000000020000095        0x3 
 .data._impure_ptr
                0x0000000020000098        0x4 c:/st/stm32cubeide_1.6.1/stm32cubeide/plugins/com.st.stm32cube.ide.mcu.externaltools.gnu-tools-for-stm32.9-2020-q2-update.win32_1.5.0.202011040924/tools/bin/../lib/gcc/arm-none-eabi/9.3.1/../../../../arm-none-eabi/lib/thumb/v7e-m+fp/hard\libc_nano.a(lib_a-impure.o)
                0x0000000020000098                _impure_ptr
 .data.impure_data