stm32412g_discovery.c:203:10:BSP_GetVersion	4	static
stm32412g_discovery.c:217:6:BSP_LED_Init	40	static
stm32412g_discovery.c:247:6:BSP_LED_DeInit	40	static
stm32412g_discovery.c:267:6:BSP_LED_On	16	static
stm32412g_discovery.c:281:6:BSP_LED_Off	16	static
stm32412g_discovery.c:295:6:BSP_LED_Toggle	16	static
stm32412g_discovery.c:313:6:BSP_PB_Init	40	static
stm32412g_discovery.c:356:6:BSP_PB_DeInit	40	static
stm32412g_discovery.c:375:10:BSP_PB_GetState	16	static
stm32412g_discovery.c:390:9:BSP_JOY_Init	64	static
stm32412g_discovery.c:429:6:BSP_JOY_DeInit	32	static
stm32412g_discovery.c:454:18:BSP_JOY_GetState	16	static
stm32412g_discovery.c:480:6:BSP_COM_Init	48	static
stm32412g_discovery.c:519:6:BSP_COM_DeInit	16	static
stm32412g_discovery.c:545:13:I2Cx_MspInit	56	static
stm32412g_discovery.c:633:13:I2Cx_Init	16	static
stm32412g_discovery.c:672:26:I2Cx_ReadMultiple	48	static
stm32412g_discovery.c:702:26:I2Cx_WriteMultiple	48	static
stm32412g_discovery.c:730:26:I2Cx_IsDeviceReady	24	static
stm32412g_discovery.c:740:13:I2Cx_Error	16	static
stm32412g_discovery.c:753:14:I2Cx_DeInit	16	static
stm32412g_discovery.c:777:13:FMC_BANK1_MspInit	48	static
stm32412g_discovery.c:815:13:FMC_BANK1_Init	144	static
stm32412g_discovery.c:870:13:FMC_BANK1_WriteData	16	static,ignoring_inline_asm
stm32412g_discovery.c:881:13:FMC_BANK1_WriteReg	16	static,ignoring_inline_asm
stm32412g_discovery.c:892:17:FMC_BANK1_ReadData	4	static
stm32412g_discovery.c:906:6:LCD_IO_Init	8	static
stm32412g_discovery.c:915:6:LCD_IO_WriteData	16	static
stm32412g_discovery.c:926:6:LCD_IO_WriteMultipleData	24	static
stm32412g_discovery.c:940:6:LCD_IO_WriteReg	16	static
stm32412g_discovery.c:950:10:LCD_IO_ReadData	8	static
stm32412g_discovery.c:959:6:LCD_IO_Delay	16	static
stm32412g_discovery.c:969:6:AUDIO_IO_Init	8	static
stm32412g_discovery.c:977:6:AUDIO_IO_DeInit	8	static
stm32412g_discovery.c:988:6:AUDIO_IO_Write	32	static
stm32412g_discovery.c:1005:10:AUDIO_IO_Read	32	static
stm32412g_discovery.c:1024:6:AUDIO_IO_Delay	16	static
stm32412g_discovery.c:1034:6:EEPROM_IO_Init	8	static
stm32412g_discovery.c:1047:19:EEPROM_IO_WriteData	32	static
stm32412g_discovery.c:1060:19:EEPROM_IO_ReadData	32	static
stm32412g_discovery.c:1072:19:EEPROM_IO_IsDeviceReady	16	static
stm32412g_discovery.c:1081:6:TS_IO_Init	8	static
stm32412g_discovery.c:1092:6:TS_IO_Write	24	static
stm32412g_discovery.c:1103:9:TS_IO_Read	32	static
stm32412g_discovery.c:1121:10:TS_IO_ReadMultiple	24	static
stm32412g_discovery.c:1134:6:TS_IO_WriteMultiple	24	static
stm32412g_discovery.c:1143:6:TS_IO_Delay	16	static
