stm32412g_discovery_lcd.c:119:9:BSP_LCD_Init	8	static
stm32412g_discovery_lcd.c:128:9:BSP_LCD_InitEx	24	static
stm32412g_discovery_lcd.c:198:9:BSP_LCD_DeInit	4	static
stm32412g_discovery_lcd.c:208:10:BSP_LCD_GetXSize	8	static
stm32412g_discovery_lcd.c:217:10:BSP_LCD_GetYSize	8	static
stm32412g_discovery_lcd.c:226:10:BSP_LCD_GetTextColor	4	static
stm32412g_discovery_lcd.c:235:10:BSP_LCD_GetBackColor	4	static
stm32412g_discovery_lcd.c:244:6:BSP_LCD_SetTextColor	16	static
stm32412g_discovery_lcd.c:253:6:BSP_LCD_SetBackColor	16	static
stm32412g_discovery_lcd.c:262:6:BSP_LCD_SetFont	16	static
stm32412g_discovery_lcd.c:271:8:BSP_LCD_GetFont	4	static
stm32412g_discovery_lcd.c:280:6:BSP_LCD_Clear	40	static
stm32412g_discovery_lcd.c:305:6:BSP_LCD_ClearStringLine	32	static
stm32412g_discovery_lcd.c:325:6:BSP_LCD_DisplayChar	16	static
stm32412g_discovery_lcd.c:342:6:BSP_LCD_DisplayStringAt	48	static
stm32412g_discovery_lcd.c:406:6:BSP_LCD_DisplayStringAtLine	16	static
stm32412g_discovery_lcd.c:417:10:BSP_LCD_ReadPixel	24	static
stm32412g_discovery_lcd.c:435:6:BSP_LCD_DrawPixel	16	static
stm32412g_discovery_lcd.c:449:6:BSP_LCD_DrawHLine	32	static
stm32412g_discovery_lcd.c:472:6:BSP_LCD_DrawVLine	32	static
stm32412g_discovery_lcd.c:496:6:BSP_LCD_DrawLine	56	static
stm32412g_discovery_lcd.c:570:6:BSP_LCD_DrawRect	24	static
stm32412g_discovery_lcd.c:587:6:BSP_LCD_DrawCircle	32	static
stm32412g_discovery_lcd.c:636:6:BSP_LCD_DrawPolygon	32	static
stm32412g_discovery_lcd.c:663:6:BSP_LCD_DrawEllipse	56	static
stm32412g_discovery_lcd.c:695:6:BSP_LCD_DrawBitmap	32	static
stm32412g_discovery_lcd.c:724:6:BSP_LCD_DrawRGBImage	32	static
stm32412g_discovery_lcd.c:742:6:BSP_LCD_FillRect	24	static
stm32412g_discovery_lcd.c:758:6:BSP_LCD_FillCircle	32	static
stm32412g_discovery_lcd.c:805:6:BSP_LCD_FillPolygon	64	static
stm32412g_discovery_lcd.c:872:6:BSP_LCD_FillEllipse	56	static
stm32412g_discovery_lcd.c:901:6:BSP_LCD_DisplayOn	8	static
stm32412g_discovery_lcd.c:909:6:BSP_LCD_DisplayOff	8	static
stm32412g_discovery_lcd.c:918:13:BSP_LCD_MspInit	40	static
stm32412g_discovery_lcd.c:948:13:BSP_LCD_MspDeInit	32	static
stm32412g_discovery_lcd.c:978:13:DrawChar	40	static
stm32412g_discovery_lcd.c:1033:13:SetDisplayWindow	24	static
stm32412g_discovery_lcd.c:1050:13:FillTriangle	56	static
